[shard 0] loaded 3072000 rows in 1.4s
[shard 0] precomputed cell index (102400 cells) in 8.4s; seed=366001, target=60 iterations, checkpoint=C:\Users\Brandon Shen\Documents\few-qubit-qnn-snr\verification\_bootstrap_checkpoints\h2h4_boot_endtoend_shard0.parquet
C:\Users\Brandon Shen\AppData\Local\Programs\Python\Python312\Lib\site-packages\statsmodels\regression\mixed_linear_model.py:2237: ConvergenceWarning: The MLE may be on the boundary of the parameter space.
  warnings.warn(msg, ConvergenceWarning)
  iteration 0 done in 130.8s
C:\Users\Brandon Shen\AppData\Local\Programs\Python\Python312\Lib\site-packages\statsmodels\regression\mixed_linear_model.py:2237: ConvergenceWarning: The MLE may be on the boundary of the parameter space.
  warnings.warn(msg, ConvergenceWarning)
  iteration 1 done in 116.4s
C:\Users\Brandon Shen\AppData\Local\Programs\Python\Python312\Lib\site-packages\statsmodels\regression\mixed_linear_model.py:2237: ConvergenceWarning: The MLE may be on the boundary of the parameter space.
  warnings.warn(msg, ConvergenceWarning)
  iteration 2 done in 147.9s
C:\Users\Brandon Shen\AppData\Local\Programs\Python\Python312\Lib\site-packages\statsmodels\regression\mixed_linear_model.py:2237: ConvergenceWarning: The MLE may be on the boundary of the parameter space.
  warnings.warn(msg, ConvergenceWarning)
  iteration 3 done in 184.1s
C:\Users\Brandon Shen\AppData\Local\Programs\Python\Python312\Lib\site-packages\statsmodels\regression\mixed_linear_model.py:2237: ConvergenceWarning: The MLE may be on the boundary of the parameter space.
  warnings.warn(msg, ConvergenceWarning)
  iteration 4 done in 132.5s
C:\Users\Brandon Shen\AppData\Local\Programs\Python\Python312\Lib\site-packages\statsmodels\regression\mixed_linear_model.py:2237: ConvergenceWarning: The MLE may be on the boundary of the parameter space.
  warnings.warn(msg, ConvergenceWarning)
  iteration 5 done in 129.9s
C:\Users\Brandon Shen\AppData\Local\Programs\Python\Python312\Lib\site-packages\statsmodels\regression\mixed_linear_model.py:2237: ConvergenceWarning: The MLE may be on the boundary of the parameter space.
  warnings.warn(msg, ConvergenceWarning)
  iteration 6 done in 147.2s
C:\Users\Brandon Shen\AppData\Local\Programs\Python\Python312\Lib\site-packages\statsmodels\regression\mixed_linear_model.py:2237: ConvergenceWarning: The MLE may be on the boundary of the parameter space.
  warnings.warn(msg, ConvergenceWarning)
C:\Users\Brandon Shen\AppData\Local\Programs\Python\Python312\Lib\site-packages\statsmodels\regression\mixed_linear_model.py:2261: ConvergenceWarning: The Hessian matrix at the estimated parameter values is not positive definite.
  warnings.warn(msg, ConvergenceWarning)
  iteration 7 done in 288.1s
C:\Users\Brandon Shen\AppData\Local\Programs\Python\Python312\Lib\site-packages\statsmodels\regression\mixed_linear_model.py:2237: ConvergenceWarning: The MLE may be on the boundary of the parameter space.
  warnings.warn(msg, ConvergenceWarning)
  iteration 8 done in 121.7s
C:\Users\Brandon Shen\AppData\Local\Programs\Python\Python312\Lib\site-packages\statsmodels\regression\mixed_linear_model.py:2237: ConvergenceWarning: The MLE may be on the boundary of the parameter space.
  warnings.warn(msg, ConvergenceWarning)
  iteration 9 done in 165.6s
C:\Users\Brandon Shen\AppData\Local\Programs\Python\Python312\Lib\site-packages\statsmodels\regression\mixed_linear_model.py:2237: ConvergenceWarning: The MLE may be on the boundary of the parameter space.
  warnings.warn(msg, ConvergenceWarning)
  iteration 10 done in 124.1s
C:\Users\Brandon Shen\AppData\Local\Programs\Python\Python312\Lib\site-packages\statsmodels\regression\mixed_linear_model.py:2237: ConvergenceWarning: The MLE may be on the boundary of the parameter space.
  warnings.warn(msg, ConvergenceWarning)
  iteration 11 done in 131.4s
C:\Users\Brandon Shen\AppData\Local\Programs\Python\Python312\Lib\site-packages\statsmodels\regression\mixed_linear_model.py:2237: ConvergenceWarning: The MLE may be on the boundary of the parameter space.
  warnings.warn(msg, ConvergenceWarning)
  iteration 12 done in 155.1s
C:\Users\Brandon Shen\AppData\Local\Programs\Python\Python312\Lib\site-packages\statsmodels\regression\mixed_linear_model.py:2237: ConvergenceWarning: The MLE may be on the boundary of the parameter space.
  warnings.warn(msg, ConvergenceWarning)
  iteration 13 done in 196.7s
C:\Users\Brandon Shen\AppData\Local\Programs\Python\Python312\Lib\site-packages\statsmodels\regression\mixed_linear_model.py:2237: ConvergenceWarning: The MLE may be on the boundary of the parameter space.
  warnings.warn(msg, ConvergenceWarning)
  iteration 14 done in 278.3s
C:\Users\Brandon Shen\AppData\Local\Programs\Python\Python312\Lib\site-packages\statsmodels\regression\mixed_linear_model.py:2237: ConvergenceWarning: The MLE may be on the boundary of the parameter space.
  warnings.warn(msg, ConvergenceWarning)
  iteration 15 done in 549.6s
