[shard 1] loaded 3072000 rows in 1.0s
[shard 1] precomputed cell index (102400 cells) in 7.7s; seed=376001, target=60 iterations, checkpoint=C:\Users\Brandon Shen\Documents\few-qubit-qnn-snr\verification\_bootstrap_checkpoints\h2h4_boot_endtoend_shard1.parquet
C:\Users\Brandon Shen\AppData\Local\Programs\Python\Python312\Lib\site-packages\statsmodels\regression\mixed_linear_model.py:2237: ConvergenceWarning: The MLE may be on the boundary of the parameter space.
  warnings.warn(msg, ConvergenceWarning)
  iteration 0 done in 138.9s
C:\Users\Brandon Shen\AppData\Local\Programs\Python\Python312\Lib\site-packages\statsmodels\regression\mixed_linear_model.py:2237: ConvergenceWarning: The MLE may be on the boundary of the parameter space.
  warnings.warn(msg, ConvergenceWarning)
  iteration 1 done in 151.7s
C:\Users\Brandon Shen\AppData\Local\Programs\Python\Python312\Lib\site-packages\statsmodels\regression\mixed_linear_model.py:2237: ConvergenceWarning: The MLE may be on the boundary of the parameter space.
  warnings.warn(msg, ConvergenceWarning)
  iteration 2 done in 206.0s
C:\Users\Brandon Shen\AppData\Local\Programs\Python\Python312\Lib\site-packages\statsmodels\regression\mixed_linear_model.py:2237: ConvergenceWarning: The MLE may be on the boundary of the parameter space.
  warnings.warn(msg, ConvergenceWarning)
  iteration 3 done in 119.0s
C:\Users\Brandon Shen\AppData\Local\Programs\Python\Python312\Lib\site-packages\statsmodels\regression\mixed_linear_model.py:2237: ConvergenceWarning: The MLE may be on the boundary of the parameter space.
  warnings.warn(msg, ConvergenceWarning)
  iteration 4 done in 138.2s
C:\Users\Brandon Shen\AppData\Local\Programs\Python\Python312\Lib\site-packages\statsmodels\regression\mixed_linear_model.py:2237: ConvergenceWarning: The MLE may be on the boundary of the parameter space.
  warnings.warn(msg, ConvergenceWarning)
  iteration 5 done in 132.6s
C:\Users\Brandon Shen\AppData\Local\Programs\Python\Python312\Lib\site-packages\statsmodels\regression\mixed_linear_model.py:2237: ConvergenceWarning: The MLE may be on the boundary of the parameter space.
  warnings.warn(msg, ConvergenceWarning)
  iteration 6 done in 116.0s
C:\Users\Brandon Shen\AppData\Local\Programs\Python\Python312\Lib\site-packages\statsmodels\regression\mixed_linear_model.py:2237: ConvergenceWarning: The MLE may be on the boundary of the parameter space.
  warnings.warn(msg, ConvergenceWarning)
  iteration 7 done in 162.5s
C:\Users\Brandon Shen\AppData\Local\Programs\Python\Python312\Lib\site-packages\statsmodels\regression\mixed_linear_model.py:2237: ConvergenceWarning: The MLE may be on the boundary of the parameter space.
  warnings.warn(msg, ConvergenceWarning)
  iteration 8 done in 100.7s
C:\Users\Brandon Shen\AppData\Local\Programs\Python\Python312\Lib\site-packages\statsmodels\regression\mixed_linear_model.py:2237: ConvergenceWarning: The MLE may be on the boundary of the parameter space.
  warnings.warn(msg, ConvergenceWarning)
  iteration 9 done in 257.0s
C:\Users\Brandon Shen\AppData\Local\Programs\Python\Python312\Lib\site-packages\statsmodels\regression\mixed_linear_model.py:2237: ConvergenceWarning: The MLE may be on the boundary of the parameter space.
  warnings.warn(msg, ConvergenceWarning)
  iteration 10 done in 134.7s
C:\Users\Brandon Shen\AppData\Local\Programs\Python\Python312\Lib\site-packages\statsmodels\regression\mixed_linear_model.py:2237: ConvergenceWarning: The MLE may be on the boundary of the parameter space.
  warnings.warn(msg, ConvergenceWarning)
  iteration 11 done in 144.2s
C:\Users\Brandon Shen\AppData\Local\Programs\Python\Python312\Lib\site-packages\statsmodels\regression\mixed_linear_model.py:2237: ConvergenceWarning: The MLE may be on the boundary of the parameter space.
  warnings.warn(msg, ConvergenceWarning)
  iteration 12 done in 157.4s
C:\Users\Brandon Shen\AppData\Local\Programs\Python\Python312\Lib\site-packages\statsmodels\regression\mixed_linear_model.py:2237: ConvergenceWarning: The MLE may be on the boundary of the parameter space.
  warnings.warn(msg, ConvergenceWarning)
  iteration 13 done in 176.8s
C:\Users\Brandon Shen\AppData\Local\Programs\Python\Python312\Lib\site-packages\statsmodels\regression\mixed_linear_model.py:2237: ConvergenceWarning: The MLE may be on the boundary of the parameter space.
  warnings.warn(msg, ConvergenceWarning)
  iteration 14 done in 173.2s
C:\Users\Brandon Shen\AppData\Local\Programs\Python\Python312\Lib\site-packages\statsmodels\regression\mixed_linear_model.py:2237: ConvergenceWarning: The MLE may be on the boundary of the parameter space.
  warnings.warn(msg, ConvergenceWarning)
  iteration 15 done in 120.4s
