[shard 2] loaded 3072000 rows in 0.6s
[shard 2] precomputed cell index (102400 cells) in 7.4s; seed=386001, target=145 iterations, checkpoint=C:\Users\Brandon Shen\Documents\few-qubit-qnn-snr\verification\_bootstrap_checkpoints\h2h4_boot_endtoend_shard2.parquet
C:\Users\Brandon Shen\AppData\Local\Programs\Python\Python312\Lib\site-packages\statsmodels\regression\mixed_linear_model.py:2237: ConvergenceWarning: The MLE may be on the boundary of the parameter space.
  warnings.warn(msg, ConvergenceWarning)
  iteration 0 done in 89.0s
C:\Users\Brandon Shen\AppData\Local\Programs\Python\Python312\Lib\site-packages\statsmodels\regression\mixed_linear_model.py:2237: ConvergenceWarning: The MLE may be on the boundary of the parameter space.
  warnings.warn(msg, ConvergenceWarning)
  iteration 1 done in 69.1s
C:\Users\Brandon Shen\AppData\Local\Programs\Python\Python312\Lib\site-packages\statsmodels\regression\mixed_linear_model.py:2237: ConvergenceWarning: The MLE may be on the boundary of the parameter space.
  warnings.warn(msg, ConvergenceWarning)
  iteration 2 done in 71.0s
C:\Users\Brandon Shen\AppData\Local\Programs\Python\Python312\Lib\site-packages\statsmodels\regression\mixed_linear_model.py:2261: ConvergenceWarning: The Hessian matrix at the estimated parameter values is not positive definite.
  warnings.warn(msg, ConvergenceWarning)
  iteration 3 done in 97.7s
C:\Users\Brandon Shen\AppData\Local\Programs\Python\Python312\Lib\site-packages\statsmodels\regression\mixed_linear_model.py:2237: ConvergenceWarning: The MLE may be on the boundary of the parameter space.
  warnings.warn(msg, ConvergenceWarning)
  iteration 4 done in 81.0s
C:\Users\Brandon Shen\AppData\Local\Programs\Python\Python312\Lib\site-packages\statsmodels\regression\mixed_linear_model.py:2237: ConvergenceWarning: The MLE may be on the boundary of the parameter space.
  warnings.warn(msg, ConvergenceWarning)
  iteration 5 done in 64.7s
C:\Users\Brandon Shen\AppData\Local\Programs\Python\Python312\Lib\site-packages\statsmodels\regression\mixed_linear_model.py:2237: ConvergenceWarning: The MLE may be on the boundary of the parameter space.
  warnings.warn(msg, ConvergenceWarning)
  iteration 6 done in 79.5s
C:\Users\Brandon Shen\AppData\Local\Programs\Python\Python312\Lib\site-packages\statsmodels\regression\mixed_linear_model.py:2237: ConvergenceWarning: The MLE may be on the boundary of the parameter space.
  warnings.warn(msg, ConvergenceWarning)
C:\Users\Brandon Shen\AppData\Local\Programs\Python\Python312\Lib\site-packages\statsmodels\regression\mixed_linear_model.py:2261: ConvergenceWarning: The Hessian matrix at the estimated parameter values is not positive definite.
  warnings.warn(msg, ConvergenceWarning)
  iteration 7 done in 103.7s
C:\Users\Brandon Shen\AppData\Local\Programs\Python\Python312\Lib\site-packages\statsmodels\regression\mixed_linear_model.py:2237: ConvergenceWarning: The MLE may be on the boundary of the parameter space.
  warnings.warn(msg, ConvergenceWarning)
  iteration 8 done in 77.1s
C:\Users\Brandon Shen\AppData\Local\Programs\Python\Python312\Lib\site-packages\statsmodels\regression\mixed_linear_model.py:2237: ConvergenceWarning: The MLE may be on the boundary of the parameter space.
  warnings.warn(msg, ConvergenceWarning)
  iteration 9 done in 97.9s
C:\Users\Brandon Shen\AppData\Local\Programs\Python\Python312\Lib\site-packages\statsmodels\regression\mixed_linear_model.py:2237: ConvergenceWarning: The MLE may be on the boundary of the parameter space.
  warnings.warn(msg, ConvergenceWarning)
  iteration 10 done in 80.5s
C:\Users\Brandon Shen\AppData\Local\Programs\Python\Python312\Lib\site-packages\statsmodels\regression\mixed_linear_model.py:2237: ConvergenceWarning: The MLE may be on the boundary of the parameter space.
  warnings.warn(msg, ConvergenceWarning)
  iteration 11 done in 71.9s
C:\Users\Brandon Shen\AppData\Local\Programs\Python\Python312\Lib\site-packages\statsmodels\regression\mixed_linear_model.py:2237: ConvergenceWarning: The MLE may be on the boundary of the parameter space.
  warnings.warn(msg, ConvergenceWarning)
  iteration 12 done in 78.6s
C:\Users\Brandon Shen\AppData\Local\Programs\Python\Python312\Lib\site-packages\statsmodels\regression\mixed_linear_model.py:2237: ConvergenceWarning: The MLE may be on the boundary of the parameter space.
  warnings.warn(msg, ConvergenceWarning)
  iteration 13 done in 75.1s
C:\Users\Brandon Shen\AppData\Local\Programs\Python\Python312\Lib\site-packages\statsmodels\regression\mixed_linear_model.py:2237: ConvergenceWarning: The MLE may be on the boundary of the parameter space.
  warnings.warn(msg, ConvergenceWarning)
  iteration 14 done in 71.6s
C:\Users\Brandon Shen\AppData\Local\Programs\Python\Python312\Lib\site-packages\statsmodels\regression\mixed_linear_model.py:2237: ConvergenceWarning: The MLE may be on the boundary of the parameter space.
  warnings.warn(msg, ConvergenceWarning)
  iteration 15 done in 81.9s
C:\Users\Brandon Shen\AppData\Local\Programs\Python\Python312\Lib\site-packages\statsmodels\regression\mixed_linear_model.py:2237: ConvergenceWarning: The MLE may be on the boundary of the parameter space.
  warnings.warn(msg, ConvergenceWarning)
  iteration 16 done in 78.2s
C:\Users\Brandon Shen\AppData\Local\Programs\Python\Python312\Lib\site-packages\statsmodels\regression\mixed_linear_model.py:2237: ConvergenceWarning: The MLE may be on the boundary of the parameter space.
  warnings.warn(msg, ConvergenceWarning)
  iteration 17 done in 78.1s
C:\Users\Brandon Shen\AppData\Local\Programs\Python\Python312\Lib\site-packages\statsmodels\regression\mixed_linear_model.py:2261: ConvergenceWarning: The Hessian matrix at the estimated parameter values is not positive definite.
  warnings.warn(msg, ConvergenceWarning)
  iteration 18 done in 170.1s
C:\Users\Brandon Shen\AppData\Local\Programs\Python\Python312\Lib\site-packages\statsmodels\regression\mixed_linear_model.py:2237: ConvergenceWarning: The MLE may be on the boundary of the parameter space.
  warnings.warn(msg, ConvergenceWarning)
  iteration 19 done in 102.8s
C:\Users\Brandon Shen\AppData\Local\Programs\Python\Python312\Lib\site-packages\statsmodels\regression\mixed_linear_model.py:2237: ConvergenceWarning: The MLE may be on the boundary of the parameter space.
  warnings.warn(msg, ConvergenceWarning)
  iteration 20 done in 101.9s
C:\Users\Brandon Shen\AppData\Local\Programs\Python\Python312\Lib\site-packages\statsmodels\regression\mixed_linear_model.py:2237: ConvergenceWarning: The MLE may be on the boundary of the parameter space.
  warnings.warn(msg, ConvergenceWarning)
  iteration 21 done in 101.8s
C:\Users\Brandon Shen\AppData\Local\Programs\Python\Python312\Lib\site-packages\statsmodels\regression\mixed_linear_model.py:2237: ConvergenceWarning: The MLE may be on the boundary of the parameter space.
  warnings.warn(msg, ConvergenceWarning)
  iteration 22 done in 129.9s
C:\Users\Brandon Shen\AppData\Local\Programs\Python\Python312\Lib\site-packages\statsmodels\regression\mixed_linear_model.py:2237: ConvergenceWarning: The MLE may be on the boundary of the parameter space.
  warnings.warn(msg, ConvergenceWarning)
  iteration 23 done in 91.1s
C:\Users\Brandon Shen\AppData\Local\Programs\Python\Python312\Lib\site-packages\statsmodels\regression\mixed_linear_model.py:2237: ConvergenceWarning: The MLE may be on the boundary of the parameter space.
  warnings.warn(msg, ConvergenceWarning)
  iteration 24 done in 87.1s
C:\Users\Brandon Shen\AppData\Local\Programs\Python\Python312\Lib\site-packages\statsmodels\regression\mixed_linear_model.py:2237: ConvergenceWarning: The MLE may be on the boundary of the parameter space.
  warnings.warn(msg, ConvergenceWarning)
  iteration 25 done in 90.3s
C:\Users\Brandon Shen\AppData\Local\Programs\Python\Python312\Lib\site-packages\statsmodels\regression\mixed_linear_model.py:2237: ConvergenceWarning: The MLE may be on the boundary of the parameter space.
  warnings.warn(msg, ConvergenceWarning)
  iteration 26 done in 80.1s
C:\Users\Brandon Shen\AppData\Local\Programs\Python\Python312\Lib\site-packages\statsmodels\regression\mixed_linear_model.py:2237: ConvergenceWarning: The MLE may be on the boundary of the parameter space.
  warnings.warn(msg, ConvergenceWarning)
  iteration 27 done in 95.2s
C:\Users\Brandon Shen\AppData\Local\Programs\Python\Python312\Lib\site-packages\statsmodels\regression\mixed_linear_model.py:2237: ConvergenceWarning: The MLE may be on the boundary of the parameter space.
  warnings.warn(msg, ConvergenceWarning)
C:\Users\Brandon Shen\AppData\Local\Programs\Python\Python312\Lib\site-packages\statsmodels\regression\mixed_linear_model.py:2261: ConvergenceWarning: The Hessian matrix at the estimated parameter values is not positive definite.
  warnings.warn(msg, ConvergenceWarning)
  iteration 28 done in 153.7s
C:\Users\Brandon Shen\AppData\Local\Programs\Python\Python312\Lib\site-packages\statsmodels\regression\mixed_linear_model.py:2237: ConvergenceWarning: The MLE may be on the boundary of the parameter space.
  warnings.warn(msg, ConvergenceWarning)
  iteration 29 done in 85.8s
C:\Users\Brandon Shen\AppData\Local\Programs\Python\Python312\Lib\site-packages\statsmodels\regression\mixed_linear_model.py:2237: ConvergenceWarning: The MLE may be on the boundary of the parameter space.
  warnings.warn(msg, ConvergenceWarning)
  iteration 30 done in 70.7s
C:\Users\Brandon Shen\AppData\Local\Programs\Python\Python312\Lib\site-packages\statsmodels\regression\mixed_linear_model.py:2237: ConvergenceWarning: The MLE may be on the boundary of the parameter space.
  warnings.warn(msg, ConvergenceWarning)
  iteration 31 done in 91.4s
C:\Users\Brandon Shen\AppData\Local\Programs\Python\Python312\Lib\site-packages\statsmodels\regression\mixed_linear_model.py:2237: ConvergenceWarning: The MLE may be on the boundary of the parameter space.
  warnings.warn(msg, ConvergenceWarning)
  iteration 32 done in 109.2s
C:\Users\Brandon Shen\AppData\Local\Programs\Python\Python312\Lib\site-packages\statsmodels\regression\mixed_linear_model.py:2237: ConvergenceWarning: The MLE may be on the boundary of the parameter space.
  warnings.warn(msg, ConvergenceWarning)
  iteration 33 done in 81.5s
C:\Users\Brandon Shen\AppData\Local\Programs\Python\Python312\Lib\site-packages\statsmodels\regression\mixed_linear_model.py:2237: ConvergenceWarning: The MLE may be on the boundary of the parameter space.
  warnings.warn(msg, ConvergenceWarning)
  iteration 34 done in 95.3s
C:\Users\Brandon Shen\AppData\Local\Programs\Python\Python312\Lib\site-packages\statsmodels\regression\mixed_linear_model.py:2237: ConvergenceWarning: The MLE may be on the boundary of the parameter space.
  warnings.warn(msg, ConvergenceWarning)
  iteration 35 done in 82.3s
C:\Users\Brandon Shen\AppData\Local\Programs\Python\Python312\Lib\site-packages\statsmodels\regression\mixed_linear_model.py:2237: ConvergenceWarning: The MLE may be on the boundary of the parameter space.
  warnings.warn(msg, ConvergenceWarning)
  iteration 36 done in 77.2s
C:\Users\Brandon Shen\AppData\Local\Programs\Python\Python312\Lib\site-packages\statsmodels\regression\mixed_linear_model.py:2237: ConvergenceWarning: The MLE may be on the boundary of the parameter space.
  warnings.warn(msg, ConvergenceWarning)
  iteration 37 done in 70.8s
C:\Users\Brandon Shen\AppData\Local\Programs\Python\Python312\Lib\site-packages\statsmodels\regression\mixed_linear_model.py:2237: ConvergenceWarning: The MLE may be on the boundary of the parameter space.
  warnings.warn(msg, ConvergenceWarning)
  iteration 38 done in 76.7s
C:\Users\Brandon Shen\AppData\Local\Programs\Python\Python312\Lib\site-packages\statsmodels\regression\mixed_linear_model.py:2237: ConvergenceWarning: The MLE may be on the boundary of the parameter space.
  warnings.warn(msg, ConvergenceWarning)
  iteration 39 done in 91.3s
C:\Users\Brandon Shen\AppData\Local\Programs\Python\Python312\Lib\site-packages\statsmodels\regression\mixed_linear_model.py:2237: ConvergenceWarning: The MLE may be on the boundary of the parameter space.
  warnings.warn(msg, ConvergenceWarning)
  iteration 40 done in 94.9s
C:\Users\Brandon Shen\AppData\Local\Programs\Python\Python312\Lib\site-packages\statsmodels\regression\mixed_linear_model.py:2237: ConvergenceWarning: The MLE may be on the boundary of the parameter space.
  warnings.warn(msg, ConvergenceWarning)
  iteration 41 done in 121.3s
C:\Users\Brandon Shen\AppData\Local\Programs\Python\Python312\Lib\site-packages\statsmodels\regression\mixed_linear_model.py:2237: ConvergenceWarning: The MLE may be on the boundary of the parameter space.
  warnings.warn(msg, ConvergenceWarning)
  iteration 42 done in 90.8s
C:\Users\Brandon Shen\AppData\Local\Programs\Python\Python312\Lib\site-packages\statsmodels\regression\mixed_linear_model.py:2237: ConvergenceWarning: The MLE may be on the boundary of the parameter space.
  warnings.warn(msg, ConvergenceWarning)
C:\Users\Brandon Shen\AppData\Local\Programs\Python\Python312\Lib\site-packages\statsmodels\regression\mixed_linear_model.py:2261: ConvergenceWarning: The Hessian matrix at the estimated parameter values is not positive definite.
  warnings.warn(msg, ConvergenceWarning)
  iteration 43 done in 96.9s
C:\Users\Brandon Shen\AppData\Local\Programs\Python\Python312\Lib\site-packages\statsmodels\regression\mixed_linear_model.py:2237: ConvergenceWarning: The MLE may be on the boundary of the parameter space.
  warnings.warn(msg, ConvergenceWarning)
  iteration 44 done in 84.2s
C:\Users\Brandon Shen\AppData\Local\Programs\Python\Python312\Lib\site-packages\statsmodels\regression\mixed_linear_model.py:2237: ConvergenceWarning: The MLE may be on the boundary of the parameter space.
  warnings.warn(msg, ConvergenceWarning)
  iteration 45 done in 89.9s
C:\Users\Brandon Shen\AppData\Local\Programs\Python\Python312\Lib\site-packages\statsmodels\regression\mixed_linear_model.py:2237: ConvergenceWarning: The MLE may be on the boundary of the parameter space.
  warnings.warn(msg, ConvergenceWarning)
  iteration 46 done in 56.4s
C:\Users\Brandon Shen\AppData\Local\Programs\Python\Python312\Lib\site-packages\statsmodels\regression\mixed_linear_model.py:2237: ConvergenceWarning: The MLE may be on the boundary of the parameter space.
  warnings.warn(msg, ConvergenceWarning)
  iteration 47 done in 67.1s
C:\Users\Brandon Shen\AppData\Local\Programs\Python\Python312\Lib\site-packages\statsmodels\regression\mixed_linear_model.py:2237: ConvergenceWarning: The MLE may be on the boundary of the parameter space.
  warnings.warn(msg, ConvergenceWarning)
  iteration 48 done in 103.5s
C:\Users\Brandon Shen\AppData\Local\Programs\Python\Python312\Lib\site-packages\statsmodels\regression\mixed_linear_model.py:2237: ConvergenceWarning: The MLE may be on the boundary of the parameter space.
  warnings.warn(msg, ConvergenceWarning)
  iteration 49 done in 69.6s
C:\Users\Brandon Shen\AppData\Local\Programs\Python\Python312\Lib\site-packages\statsmodels\regression\mixed_linear_model.py:2237: ConvergenceWarning: The MLE may be on the boundary of the parameter space.
  warnings.warn(msg, ConvergenceWarning)
  iteration 50 done in 67.5s
C:\Users\Brandon Shen\AppData\Local\Programs\Python\Python312\Lib\site-packages\statsmodels\regression\mixed_linear_model.py:2237: ConvergenceWarning: The MLE may be on the boundary of the parameter space.
  warnings.warn(msg, ConvergenceWarning)
  iteration 51 done in 98.9s
C:\Users\Brandon Shen\AppData\Local\Programs\Python\Python312\Lib\site-packages\statsmodels\regression\mixed_linear_model.py:2237: ConvergenceWarning: The MLE may be on the boundary of the parameter space.
  warnings.warn(msg, ConvergenceWarning)
  iteration 52 done in 97.4s
C:\Users\Brandon Shen\AppData\Local\Programs\Python\Python312\Lib\site-packages\statsmodels\regression\mixed_linear_model.py:2237: ConvergenceWarning: The MLE may be on the boundary of the parameter space.
  warnings.warn(msg, ConvergenceWarning)
  iteration 53 done in 119.0s
C:\Users\Brandon Shen\AppData\Local\Programs\Python\Python312\Lib\site-packages\statsmodels\regression\mixed_linear_model.py:2237: ConvergenceWarning: The MLE may be on the boundary of the parameter space.
  warnings.warn(msg, ConvergenceWarning)
  iteration 54 done in 105.3s
C:\Users\Brandon Shen\AppData\Local\Programs\Python\Python312\Lib\site-packages\statsmodels\base\model.py:607: ConvergenceWarning: Maximum Likelihood optimization failed to converge. Check mle_retvals
  warnings.warn("Maximum Likelihood optimization failed to "
C:\Users\Brandon Shen\AppData\Local\Programs\Python\Python312\Lib\site-packages\statsmodels\regression\mixed_linear_model.py:2206: ConvergenceWarning: MixedLM optimization failed, trying a different optimizer may help.
  warnings.warn(msg, ConvergenceWarning)
C:\Users\Brandon Shen\AppData\Local\Programs\Python\Python312\Lib\site-packages\statsmodels\regression\mixed_linear_model.py:2218: ConvergenceWarning: Gradient optimization failed, |grad| = 150.847450
  warnings.warn(msg, ConvergenceWarning)
C:\Users\Brandon Shen\AppData\Local\Programs\Python\Python312\Lib\site-packages\statsmodels\regression\mixed_linear_model.py:2237: ConvergenceWarning: The MLE may be on the boundary of the parameter space.
  warnings.warn(msg, ConvergenceWarning)
C:\Users\Brandon Shen\AppData\Local\Programs\Python\Python312\Lib\site-packages\statsmodels\regression\mixed_linear_model.py:2261: ConvergenceWarning: The Hessian matrix at the estimated parameter values is not positive definite.
  warnings.warn(msg, ConvergenceWarning)
C:\Users\Brandon Shen\AppData\Local\Programs\Python\Python312\Lib\site-packages\statsmodels\base\model.py:607: ConvergenceWarning: Maximum Likelihood optimization failed to converge. Check mle_retvals
  warnings.warn("Maximum Likelihood optimization failed to "
C:\Users\Brandon Shen\AppData\Local\Programs\Python\Python312\Lib\site-packages\statsmodels\regression\mixed_linear_model.py:2206: ConvergenceWarning: MixedLM optimization failed, trying a different optimizer may help.
  warnings.warn(msg, ConvergenceWarning)
C:\Users\Brandon Shen\AppData\Local\Programs\Python\Python312\Lib\site-packages\statsmodels\regression\mixed_linear_model.py:2218: ConvergenceWarning: Gradient optimization failed, |grad| = 17.199359
  warnings.warn(msg, ConvergenceWarning)
C:\Users\Brandon Shen\AppData\Local\Programs\Python\Python312\Lib\site-packages\statsmodels\regression\mixed_linear_model.py:2237: ConvergenceWarning: The MLE may be on the boundary of the parameter space.
  warnings.warn(msg, ConvergenceWarning)
C:\Users\Brandon Shen\AppData\Local\Programs\Python\Python312\Lib\site-packages\statsmodels\regression\mixed_linear_model.py:2237: ConvergenceWarning: The MLE may be on the boundary of the parameter space.
  warnings.warn(msg, ConvergenceWarning)
  iteration 55 done in 441.4s
C:\Users\Brandon Shen\AppData\Local\Programs\Python\Python312\Lib\site-packages\statsmodels\regression\mixed_linear_model.py:2237: ConvergenceWarning: The MLE may be on the boundary of the parameter space.
  warnings.warn(msg, ConvergenceWarning)
  iteration 56 done in 53.9s
C:\Users\Brandon Shen\AppData\Local\Programs\Python\Python312\Lib\site-packages\statsmodels\regression\mixed_linear_model.py:2237: ConvergenceWarning: The MLE may be on the boundary of the parameter space.
  warnings.warn(msg, ConvergenceWarning)
  iteration 57 done in 56.1s
C:\Users\Brandon Shen\AppData\Local\Programs\Python\Python312\Lib\site-packages\statsmodels\regression\mixed_linear_model.py:2237: ConvergenceWarning: The MLE may be on the boundary of the parameter space.
  warnings.warn(msg, ConvergenceWarning)
  iteration 58 done in 71.2s
C:\Users\Brandon Shen\AppData\Local\Programs\Python\Python312\Lib\site-packages\statsmodels\regression\mixed_linear_model.py:2237: ConvergenceWarning: The MLE may be on the boundary of the parameter space.
  warnings.warn(msg, ConvergenceWarning)
  iteration 59 done in 85.2s
C:\Users\Brandon Shen\AppData\Local\Programs\Python\Python312\Lib\site-packages\statsmodels\regression\mixed_linear_model.py:2237: ConvergenceWarning: The MLE may be on the boundary of the parameter space.
  warnings.warn(msg, ConvergenceWarning)
  iteration 60 done in 93.4s
C:\Users\Brandon Shen\AppData\Local\Programs\Python\Python312\Lib\site-packages\statsmodels\regression\mixed_linear_model.py:2237: ConvergenceWarning: The MLE may be on the boundary of the parameter space.
  warnings.warn(msg, ConvergenceWarning)
  iteration 61 done in 74.8s
C:\Users\Brandon Shen\AppData\Local\Programs\Python\Python312\Lib\site-packages\statsmodels\regression\mixed_linear_model.py:2237: ConvergenceWarning: The MLE may be on the boundary of the parameter space.
  warnings.warn(msg, ConvergenceWarning)
  iteration 62 done in 70.5s
C:\Users\Brandon Shen\AppData\Local\Programs\Python\Python312\Lib\site-packages\statsmodels\regression\mixed_linear_model.py:2237: ConvergenceWarning: The MLE may be on the boundary of the parameter space.
  warnings.warn(msg, ConvergenceWarning)
  iteration 63 done in 76.3s
C:\Users\Brandon Shen\AppData\Local\Programs\Python\Python312\Lib\site-packages\statsmodels\regression\mixed_linear_model.py:2237: ConvergenceWarning: The MLE may be on the boundary of the parameter space.
  warnings.warn(msg, ConvergenceWarning)
  iteration 64 done in 93.6s
C:\Users\Brandon Shen\AppData\Local\Programs\Python\Python312\Lib\site-packages\statsmodels\regression\mixed_linear_model.py:2237: ConvergenceWarning: The MLE may be on the boundary of the parameter space.
  warnings.warn(msg, ConvergenceWarning)
  iteration 65 done in 71.2s
C:\Users\Brandon Shen\AppData\Local\Programs\Python\Python312\Lib\site-packages\statsmodels\regression\mixed_linear_model.py:2237: ConvergenceWarning: The MLE may be on the boundary of the parameter space.
  warnings.warn(msg, ConvergenceWarning)
  iteration 66 done in 86.1s
C:\Users\Brandon Shen\AppData\Local\Programs\Python\Python312\Lib\site-packages\statsmodels\regression\mixed_linear_model.py:2237: ConvergenceWarning: The MLE may be on the boundary of the parameter space.
  warnings.warn(msg, ConvergenceWarning)
  iteration 67 done in 77.2s
C:\Users\Brandon Shen\AppData\Local\Programs\Python\Python312\Lib\site-packages\statsmodels\regression\mixed_linear_model.py:2237: ConvergenceWarning: The MLE may be on the boundary of the parameter space.
  warnings.warn(msg, ConvergenceWarning)
  iteration 68 done in 81.9s
C:\Users\Brandon Shen\AppData\Local\Programs\Python\Python312\Lib\site-packages\statsmodels\regression\mixed_linear_model.py:2237: ConvergenceWarning: The MLE may be on the boundary of the parameter space.
  warnings.warn(msg, ConvergenceWarning)
  iteration 69 done in 87.3s
C:\Users\Brandon Shen\AppData\Local\Programs\Python\Python312\Lib\site-packages\statsmodels\regression\mixed_linear_model.py:2237: ConvergenceWarning: The MLE may be on the boundary of the parameter space.
  warnings.warn(msg, ConvergenceWarning)
  iteration 70 done in 138.2s
C:\Users\Brandon Shen\AppData\Local\Programs\Python\Python312\Lib\site-packages\statsmodels\regression\mixed_linear_model.py:2237: ConvergenceWarning: The MLE may be on the boundary of the parameter space.
  warnings.warn(msg, ConvergenceWarning)
  iteration 71 done in 73.9s
C:\Users\Brandon Shen\AppData\Local\Programs\Python\Python312\Lib\site-packages\statsmodels\regression\mixed_linear_model.py:2237: ConvergenceWarning: The MLE may be on the boundary of the parameter space.
  warnings.warn(msg, ConvergenceWarning)
  iteration 72 done in 82.2s
C:\Users\Brandon Shen\AppData\Local\Programs\Python\Python312\Lib\site-packages\statsmodels\regression\mixed_linear_model.py:2237: ConvergenceWarning: The MLE may be on the boundary of the parameter space.
  warnings.warn(msg, ConvergenceWarning)
C:\Users\Brandon Shen\AppData\Local\Programs\Python\Python312\Lib\site-packages\statsmodels\regression\mixed_linear_model.py:2261: ConvergenceWarning: The Hessian matrix at the estimated parameter values is not positive definite.
  warnings.warn(msg, ConvergenceWarning)
  iteration 73 done in 138.6s
C:\Users\Brandon Shen\AppData\Local\Programs\Python\Python312\Lib\site-packages\statsmodels\regression\mixed_linear_model.py:2237: ConvergenceWarning: The MLE may be on the boundary of the parameter space.
  warnings.warn(msg, ConvergenceWarning)
  iteration 74 done in 70.4s
C:\Users\Brandon Shen\AppData\Local\Programs\Python\Python312\Lib\site-packages\statsmodels\regression\mixed_linear_model.py:2237: ConvergenceWarning: The MLE may be on the boundary of the parameter space.
  warnings.warn(msg, ConvergenceWarning)
  iteration 75 done in 100.0s
C:\Users\Brandon Shen\AppData\Local\Programs\Python\Python312\Lib\site-packages\statsmodels\regression\mixed_linear_model.py:2237: ConvergenceWarning: The MLE may be on the boundary of the parameter space.
  warnings.warn(msg, ConvergenceWarning)
  iteration 76 done in 79.9s
C:\Users\Brandon Shen\AppData\Local\Programs\Python\Python312\Lib\site-packages\statsmodels\regression\mixed_linear_model.py:2237: ConvergenceWarning: The MLE may be on the boundary of the parameter space.
  warnings.warn(msg, ConvergenceWarning)
  iteration 77 done in 73.0s
C:\Users\Brandon Shen\AppData\Local\Programs\Python\Python312\Lib\site-packages\statsmodels\regression\mixed_linear_model.py:2237: ConvergenceWarning: The MLE may be on the boundary of the parameter space.
  warnings.warn(msg, ConvergenceWarning)
  iteration 78 done in 69.0s
C:\Users\Brandon Shen\AppData\Local\Programs\Python\Python312\Lib\site-packages\statsmodels\regression\mixed_linear_model.py:2237: ConvergenceWarning: The MLE may be on the boundary of the parameter space.
  warnings.warn(msg, ConvergenceWarning)
C:\Users\Brandon Shen\AppData\Local\Programs\Python\Python312\Lib\site-packages\statsmodels\regression\mixed_linear_model.py:2261: ConvergenceWarning: The Hessian matrix at the estimated parameter values is not positive definite.
  warnings.warn(msg, ConvergenceWarning)
  iteration 79 done in 87.8s
C:\Users\Brandon Shen\AppData\Local\Programs\Python\Python312\Lib\site-packages\statsmodels\regression\mixed_linear_model.py:2237: ConvergenceWarning: The MLE may be on the boundary of the parameter space.
  warnings.warn(msg, ConvergenceWarning)
C:\Users\Brandon Shen\AppData\Local\Programs\Python\Python312\Lib\site-packages\statsmodels\regression\mixed_linear_model.py:2261: ConvergenceWarning: The Hessian matrix at the estimated parameter values is not positive definite.
  warnings.warn(msg, ConvergenceWarning)
  iteration 80 done in 130.5s
C:\Users\Brandon Shen\AppData\Local\Programs\Python\Python312\Lib\site-packages\statsmodels\regression\mixed_linear_model.py:2237: ConvergenceWarning: The MLE may be on the boundary of the parameter space.
  warnings.warn(msg, ConvergenceWarning)
  iteration 81 done in 160.3s
C:\Users\Brandon Shen\AppData\Local\Programs\Python\Python312\Lib\site-packages\statsmodels\regression\mixed_linear_model.py:2237: ConvergenceWarning: The MLE may be on the boundary of the parameter space.
  warnings.warn(msg, ConvergenceWarning)
  iteration 82 done in 88.6s
C:\Users\Brandon Shen\AppData\Local\Programs\Python\Python312\Lib\site-packages\statsmodels\regression\mixed_linear_model.py:2237: ConvergenceWarning: The MLE may be on the boundary of the parameter space.
  warnings.warn(msg, ConvergenceWarning)
  iteration 83 done in 74.7s
C:\Users\Brandon Shen\AppData\Local\Programs\Python\Python312\Lib\site-packages\statsmodels\regression\mixed_linear_model.py:2237: ConvergenceWarning: The MLE may be on the boundary of the parameter space.
  warnings.warn(msg, ConvergenceWarning)
  iteration 84 done in 95.2s
C:\Users\Brandon Shen\AppData\Local\Programs\Python\Python312\Lib\site-packages\statsmodels\regression\mixed_linear_model.py:2237: ConvergenceWarning: The MLE may be on the boundary of the parameter space.
  warnings.warn(msg, ConvergenceWarning)
  iteration 85 done in 101.3s
C:\Users\Brandon Shen\AppData\Local\Programs\Python\Python312\Lib\site-packages\statsmodels\regression\mixed_linear_model.py:2237: ConvergenceWarning: The MLE may be on the boundary of the parameter space.
  warnings.warn(msg, ConvergenceWarning)
  iteration 86 done in 180.3s
C:\Users\Brandon Shen\AppData\Local\Programs\Python\Python312\Lib\site-packages\statsmodels\regression\mixed_linear_model.py:2237: ConvergenceWarning: The MLE may be on the boundary of the parameter space.
  warnings.warn(msg, ConvergenceWarning)
  iteration 87 done in 88.1s
C:\Users\Brandon Shen\AppData\Local\Programs\Python\Python312\Lib\site-packages\statsmodels\regression\mixed_linear_model.py:2237: ConvergenceWarning: The MLE may be on the boundary of the parameter space.
  warnings.warn(msg, ConvergenceWarning)
  iteration 88 done in 85.2s
C:\Users\Brandon Shen\AppData\Local\Programs\Python\Python312\Lib\site-packages\statsmodels\regression\mixed_linear_model.py:2237: ConvergenceWarning: The MLE may be on the boundary of the parameter space.
  warnings.warn(msg, ConvergenceWarning)
  iteration 89 done in 84.1s
C:\Users\Brandon Shen\AppData\Local\Programs\Python\Python312\Lib\site-packages\statsmodels\regression\mixed_linear_model.py:2237: ConvergenceWarning: The MLE may be on the boundary of the parameter space.
  warnings.warn(msg, ConvergenceWarning)
  iteration 90 done in 96.3s
C:\Users\Brandon Shen\AppData\Local\Programs\Python\Python312\Lib\site-packages\statsmodels\regression\mixed_linear_model.py:2237: ConvergenceWarning: The MLE may be on the boundary of the parameter space.
  warnings.warn(msg, ConvergenceWarning)
  iteration 91 done in 96.2s
C:\Users\Brandon Shen\AppData\Local\Programs\Python\Python312\Lib\site-packages\statsmodels\regression\mixed_linear_model.py:2237: ConvergenceWarning: The MLE may be on the boundary of the parameter space.
  warnings.warn(msg, ConvergenceWarning)
  iteration 92 done in 101.8s
C:\Users\Brandon Shen\AppData\Local\Programs\Python\Python312\Lib\site-packages\statsmodels\regression\mixed_linear_model.py:2237: ConvergenceWarning: The MLE may be on the boundary of the parameter space.
  warnings.warn(msg, ConvergenceWarning)
  iteration 93 done in 77.9s
C:\Users\Brandon Shen\AppData\Local\Programs\Python\Python312\Lib\site-packages\statsmodels\regression\mixed_linear_model.py:2237: ConvergenceWarning: The MLE may be on the boundary of the parameter space.
  warnings.warn(msg, ConvergenceWarning)
  iteration 94 done in 54.6s
C:\Users\Brandon Shen\AppData\Local\Programs\Python\Python312\Lib\site-packages\statsmodels\regression\mixed_linear_model.py:2237: ConvergenceWarning: The MLE may be on the boundary of the parameter space.
  warnings.warn(msg, ConvergenceWarning)
  iteration 95 done in 55.0s
C:\Users\Brandon Shen\AppData\Local\Programs\Python\Python312\Lib\site-packages\statsmodels\regression\mixed_linear_model.py:2237: ConvergenceWarning: The MLE may be on the boundary of the parameter space.
  warnings.warn(msg, ConvergenceWarning)
  iteration 96 done in 50.6s
C:\Users\Brandon Shen\AppData\Local\Programs\Python\Python312\Lib\site-packages\statsmodels\regression\mixed_linear_model.py:2237: ConvergenceWarning: The MLE may be on the boundary of the parameter space.
  warnings.warn(msg, ConvergenceWarning)
  iteration 97 done in 139.3s
C:\Users\Brandon Shen\AppData\Local\Programs\Python\Python312\Lib\site-packages\statsmodels\regression\mixed_linear_model.py:2237: ConvergenceWarning: The MLE may be on the boundary of the parameter space.
  warnings.warn(msg, ConvergenceWarning)
  iteration 98 done in 112.3s
C:\Users\Brandon Shen\AppData\Local\Programs\Python\Python312\Lib\site-packages\statsmodels\regression\mixed_linear_model.py:2237: ConvergenceWarning: The MLE may be on the boundary of the parameter space.
  warnings.warn(msg, ConvergenceWarning)
  iteration 99 done in 92.1s
C:\Users\Brandon Shen\AppData\Local\Programs\Python\Python312\Lib\site-packages\statsmodels\regression\mixed_linear_model.py:2237: ConvergenceWarning: The MLE may be on the boundary of the parameter space.
  warnings.warn(msg, ConvergenceWarning)
  iteration 100 done in 74.2s
C:\Users\Brandon Shen\AppData\Local\Programs\Python\Python312\Lib\site-packages\statsmodels\regression\mixed_linear_model.py:2237: ConvergenceWarning: The MLE may be on the boundary of the parameter space.
  warnings.warn(msg, ConvergenceWarning)
  iteration 101 done in 82.0s
C:\Users\Brandon Shen\AppData\Local\Programs\Python\Python312\Lib\site-packages\statsmodels\regression\mixed_linear_model.py:2237: ConvergenceWarning: The MLE may be on the boundary of the parameter space.
  warnings.warn(msg, ConvergenceWarning)
  iteration 102 done in 158.8s
C:\Users\Brandon Shen\AppData\Local\Programs\Python\Python312\Lib\site-packages\statsmodels\regression\mixed_linear_model.py:2237: ConvergenceWarning: The MLE may be on the boundary of the parameter space.
  warnings.warn(msg, ConvergenceWarning)
  iteration 103 done in 93.6s
C:\Users\Brandon Shen\AppData\Local\Programs\Python\Python312\Lib\site-packages\statsmodels\regression\mixed_linear_model.py:2237: ConvergenceWarning: The MLE may be on the boundary of the parameter space.
  warnings.warn(msg, ConvergenceWarning)
  iteration 104 done in 96.0s
C:\Users\Brandon Shen\AppData\Local\Programs\Python\Python312\Lib\site-packages\statsmodels\base\model.py:607: ConvergenceWarning: Maximum Likelihood optimization failed to converge. Check mle_retvals
  warnings.warn("Maximum Likelihood optimization failed to "
C:\Users\Brandon Shen\AppData\Local\Programs\Python\Python312\Lib\site-packages\statsmodels\regression\mixed_linear_model.py:2206: ConvergenceWarning: MixedLM optimization failed, trying a different optimizer may help.
  warnings.warn(msg, ConvergenceWarning)
C:\Users\Brandon Shen\AppData\Local\Programs\Python\Python312\Lib\site-packages\statsmodels\regression\mixed_linear_model.py:2218: ConvergenceWarning: Gradient optimization failed, |grad| = 127.681286
  warnings.warn(msg, ConvergenceWarning)
C:\Users\Brandon Shen\AppData\Local\Programs\Python\Python312\Lib\site-packages\statsmodels\regression\mixed_linear_model.py:2261: ConvergenceWarning: The Hessian matrix at the estimated parameter values is not positive definite.
  warnings.warn(msg, ConvergenceWarning)
C:\Users\Brandon Shen\AppData\Local\Programs\Python\Python312\Lib\site-packages\statsmodels\regression\mixed_linear_model.py:2237: ConvergenceWarning: The MLE may be on the boundary of the parameter space.
  warnings.warn(msg, ConvergenceWarning)
  iteration 105 done in 236.2s
C:\Users\Brandon Shen\AppData\Local\Programs\Python\Python312\Lib\site-packages\statsmodels\regression\mixed_linear_model.py:2237: ConvergenceWarning: The MLE may be on the boundary of the parameter space.
  warnings.warn(msg, ConvergenceWarning)
  iteration 106 done in 80.8s
C:\Users\Brandon Shen\AppData\Local\Programs\Python\Python312\Lib\site-packages\statsmodels\regression\mixed_linear_model.py:2237: ConvergenceWarning: The MLE may be on the boundary of the parameter space.
  warnings.warn(msg, ConvergenceWarning)
  iteration 107 done in 64.1s
C:\Users\Brandon Shen\AppData\Local\Programs\Python\Python312\Lib\site-packages\statsmodels\regression\mixed_linear_model.py:2237: ConvergenceWarning: The MLE may be on the boundary of the parameter space.
  warnings.warn(msg, ConvergenceWarning)
  iteration 108 done in 52.8s
C:\Users\Brandon Shen\AppData\Local\Programs\Python\Python312\Lib\site-packages\statsmodels\regression\mixed_linear_model.py:2237: ConvergenceWarning: The MLE may be on the boundary of the parameter space.
  warnings.warn(msg, ConvergenceWarning)
C:\Users\Brandon Shen\AppData\Local\Programs\Python\Python312\Lib\site-packages\statsmodels\regression\mixed_linear_model.py:2261: ConvergenceWarning: The Hessian matrix at the estimated parameter values is not positive definite.
  warnings.warn(msg, ConvergenceWarning)
  iteration 109 done in 61.1s
C:\Users\Brandon Shen\AppData\Local\Programs\Python\Python312\Lib\site-packages\statsmodels\regression\mixed_linear_model.py:2237: ConvergenceWarning: The MLE may be on the boundary of the parameter space.
  warnings.warn(msg, ConvergenceWarning)
  iteration 110 done in 50.5s
C:\Users\Brandon Shen\AppData\Local\Programs\Python\Python312\Lib\site-packages\statsmodels\regression\mixed_linear_model.py:2237: ConvergenceWarning: The MLE may be on the boundary of the parameter space.
  warnings.warn(msg, ConvergenceWarning)
  iteration 111 done in 46.5s
C:\Users\Brandon Shen\AppData\Local\Programs\Python\Python312\Lib\site-packages\statsmodels\regression\mixed_linear_model.py:2237: ConvergenceWarning: The MLE may be on the boundary of the parameter space.
  warnings.warn(msg, ConvergenceWarning)
  iteration 112 done in 55.7s
C:\Users\Brandon Shen\AppData\Local\Programs\Python\Python312\Lib\site-packages\statsmodels\regression\mixed_linear_model.py:2237: ConvergenceWarning: The MLE may be on the boundary of the parameter space.
  warnings.warn(msg, ConvergenceWarning)
  iteration 113 done in 48.8s
C:\Users\Brandon Shen\AppData\Local\Programs\Python\Python312\Lib\site-packages\statsmodels\regression\mixed_linear_model.py:2237: ConvergenceWarning: The MLE may be on the boundary of the parameter space.
  warnings.warn(msg, ConvergenceWarning)
  iteration 114 done in 51.0s
C:\Users\Brandon Shen\AppData\Local\Programs\Python\Python312\Lib\site-packages\statsmodels\regression\mixed_linear_model.py:2237: ConvergenceWarning: The MLE may be on the boundary of the parameter space.
  warnings.warn(msg, ConvergenceWarning)
  iteration 115 done in 55.5s
C:\Users\Brandon Shen\AppData\Local\Programs\Python\Python312\Lib\site-packages\statsmodels\regression\mixed_linear_model.py:2237: ConvergenceWarning: The MLE may be on the boundary of the parameter space.
  warnings.warn(msg, ConvergenceWarning)
  iteration 116 done in 50.9s
C:\Users\Brandon Shen\AppData\Local\Programs\Python\Python312\Lib\site-packages\statsmodels\regression\mixed_linear_model.py:2237: ConvergenceWarning: The MLE may be on the boundary of the parameter space.
  warnings.warn(msg, ConvergenceWarning)
  iteration 117 done in 52.7s
C:\Users\Brandon Shen\AppData\Local\Programs\Python\Python312\Lib\site-packages\statsmodels\regression\mixed_linear_model.py:2237: ConvergenceWarning: The MLE may be on the boundary of the parameter space.
  warnings.warn(msg, ConvergenceWarning)
  iteration 118 done in 54.8s
C:\Users\Brandon Shen\AppData\Local\Programs\Python\Python312\Lib\site-packages\statsmodels\regression\mixed_linear_model.py:2237: ConvergenceWarning: The MLE may be on the boundary of the parameter space.
  warnings.warn(msg, ConvergenceWarning)
  iteration 119 done in 56.3s
C:\Users\Brandon Shen\AppData\Local\Programs\Python\Python312\Lib\site-packages\statsmodels\regression\mixed_linear_model.py:2237: ConvergenceWarning: The MLE may be on the boundary of the parameter space.
  warnings.warn(msg, ConvergenceWarning)
  iteration 120 done in 53.0s
C:\Users\Brandon Shen\AppData\Local\Programs\Python\Python312\Lib\site-packages\statsmodels\regression\mixed_linear_model.py:2237: ConvergenceWarning: The MLE may be on the boundary of the parameter space.
  warnings.warn(msg, ConvergenceWarning)
C:\Users\Brandon Shen\AppData\Local\Programs\Python\Python312\Lib\site-packages\statsmodels\regression\mixed_linear_model.py:2261: ConvergenceWarning: The Hessian matrix at the estimated parameter values is not positive definite.
  warnings.warn(msg, ConvergenceWarning)
  iteration 121 done in 154.1s
C:\Users\Brandon Shen\AppData\Local\Programs\Python\Python312\Lib\site-packages\statsmodels\regression\mixed_linear_model.py:2237: ConvergenceWarning: The MLE may be on the boundary of the parameter space.
  warnings.warn(msg, ConvergenceWarning)
  iteration 122 done in 88.6s
C:\Users\Brandon Shen\AppData\Local\Programs\Python\Python312\Lib\site-packages\statsmodels\regression\mixed_linear_model.py:2237: ConvergenceWarning: The MLE may be on the boundary of the parameter space.
  warnings.warn(msg, ConvergenceWarning)
  iteration 123 done in 92.3s
C:\Users\Brandon Shen\AppData\Local\Programs\Python\Python312\Lib\site-packages\statsmodels\regression\mixed_linear_model.py:2237: ConvergenceWarning: The MLE may be on the boundary of the parameter space.
  warnings.warn(msg, ConvergenceWarning)
  iteration 124 done in 51.4s
C:\Users\Brandon Shen\AppData\Local\Programs\Python\Python312\Lib\site-packages\statsmodels\regression\mixed_linear_model.py:2237: ConvergenceWarning: The MLE may be on the boundary of the parameter space.
  warnings.warn(msg, ConvergenceWarning)
  iteration 125 done in 51.3s
C:\Users\Brandon Shen\AppData\Local\Programs\Python\Python312\Lib\site-packages\statsmodels\regression\mixed_linear_model.py:2237: ConvergenceWarning: The MLE may be on the boundary of the parameter space.
  warnings.warn(msg, ConvergenceWarning)
C:\Users\Brandon Shen\AppData\Local\Programs\Python\Python312\Lib\site-packages\statsmodels\regression\mixed_linear_model.py:2261: ConvergenceWarning: The Hessian matrix at the estimated parameter values is not positive definite.
  warnings.warn(msg, ConvergenceWarning)
  iteration 126 done in 118.3s
C:\Users\Brandon Shen\AppData\Local\Programs\Python\Python312\Lib\site-packages\statsmodels\regression\mixed_linear_model.py:2237: ConvergenceWarning: The MLE may be on the boundary of the parameter space.
  warnings.warn(msg, ConvergenceWarning)
  iteration 127 done in 54.9s
C:\Users\Brandon Shen\AppData\Local\Programs\Python\Python312\Lib\site-packages\statsmodels\regression\mixed_linear_model.py:2237: ConvergenceWarning: The MLE may be on the boundary of the parameter space.
  warnings.warn(msg, ConvergenceWarning)
C:\Users\Brandon Shen\AppData\Local\Programs\Python\Python312\Lib\site-packages\statsmodels\regression\mixed_linear_model.py:2261: ConvergenceWarning: The Hessian matrix at the estimated parameter values is not positive definite.
  warnings.warn(msg, ConvergenceWarning)
  iteration 128 done in 96.2s
C:\Users\Brandon Shen\AppData\Local\Programs\Python\Python312\Lib\site-packages\statsmodels\regression\mixed_linear_model.py:2237: ConvergenceWarning: The MLE may be on the boundary of the parameter space.
  warnings.warn(msg, ConvergenceWarning)
  iteration 129 done in 48.5s
C:\Users\Brandon Shen\AppData\Local\Programs\Python\Python312\Lib\site-packages\statsmodels\regression\mixed_linear_model.py:2237: ConvergenceWarning: The MLE may be on the boundary of the parameter space.
  warnings.warn(msg, ConvergenceWarning)
  iteration 130 done in 45.7s
C:\Users\Brandon Shen\AppData\Local\Programs\Python\Python312\Lib\site-packages\statsmodels\regression\mixed_linear_model.py:2237: ConvergenceWarning: The MLE may be on the boundary of the parameter space.
  warnings.warn(msg, ConvergenceWarning)
  iteration 131 done in 43.2s
C:\Users\Brandon Shen\AppData\Local\Programs\Python\Python312\Lib\site-packages\statsmodels\regression\mixed_linear_model.py:2237: ConvergenceWarning: The MLE may be on the boundary of the parameter space.
  warnings.warn(msg, ConvergenceWarning)
  iteration 132 done in 51.3s
C:\Users\Brandon Shen\AppData\Local\Programs\Python\Python312\Lib\site-packages\statsmodels\regression\mixed_linear_model.py:2237: ConvergenceWarning: The MLE may be on the boundary of the parameter space.
  warnings.warn(msg, ConvergenceWarning)
C:\Users\Brandon Shen\AppData\Local\Programs\Python\Python312\Lib\site-packages\statsmodels\regression\mixed_linear_model.py:2261: ConvergenceWarning: The Hessian matrix at the estimated parameter values is not positive definite.
  warnings.warn(msg, ConvergenceWarning)
  iteration 133 done in 57.3s
C:\Users\Brandon Shen\AppData\Local\Programs\Python\Python312\Lib\site-packages\statsmodels\regression\mixed_linear_model.py:2237: ConvergenceWarning: The MLE may be on the boundary of the parameter space.
  warnings.warn(msg, ConvergenceWarning)
  iteration 134 done in 59.3s
C:\Users\Brandon Shen\AppData\Local\Programs\Python\Python312\Lib\site-packages\statsmodels\regression\mixed_linear_model.py:2237: ConvergenceWarning: The MLE may be on the boundary of the parameter space.
  warnings.warn(msg, ConvergenceWarning)
  iteration 135 done in 50.8s
C:\Users\Brandon Shen\AppData\Local\Programs\Python\Python312\Lib\site-packages\statsmodels\regression\mixed_linear_model.py:2237: ConvergenceWarning: The MLE may be on the boundary of the parameter space.
  warnings.warn(msg, ConvergenceWarning)
  iteration 136 done in 57.7s
C:\Users\Brandon Shen\AppData\Local\Programs\Python\Python312\Lib\site-packages\statsmodels\regression\mixed_linear_model.py:2237: ConvergenceWarning: The MLE may be on the boundary of the parameter space.
  warnings.warn(msg, ConvergenceWarning)
  iteration 137 done in 48.5s
C:\Users\Brandon Shen\AppData\Local\Programs\Python\Python312\Lib\site-packages\statsmodels\regression\mixed_linear_model.py:2237: ConvergenceWarning: The MLE may be on the boundary of the parameter space.
  warnings.warn(msg, ConvergenceWarning)
  iteration 138 done in 52.7s
C:\Users\Brandon Shen\AppData\Local\Programs\Python\Python312\Lib\site-packages\statsmodels\regression\mixed_linear_model.py:2237: ConvergenceWarning: The MLE may be on the boundary of the parameter space.
  warnings.warn(msg, ConvergenceWarning)
  iteration 139 done in 59.3s
C:\Users\Brandon Shen\AppData\Local\Programs\Python\Python312\Lib\site-packages\statsmodels\regression\mixed_linear_model.py:2237: ConvergenceWarning: The MLE may be on the boundary of the parameter space.
  warnings.warn(msg, ConvergenceWarning)
  iteration 140 done in 73.9s
C:\Users\Brandon Shen\AppData\Local\Programs\Python\Python312\Lib\site-packages\statsmodels\regression\mixed_linear_model.py:2237: ConvergenceWarning: The MLE may be on the boundary of the parameter space.
  warnings.warn(msg, ConvergenceWarning)
  iteration 141 done in 68.2s
C:\Users\Brandon Shen\AppData\Local\Programs\Python\Python312\Lib\site-packages\statsmodels\regression\mixed_linear_model.py:2237: ConvergenceWarning: The MLE may be on the boundary of the parameter space.
  warnings.warn(msg, ConvergenceWarning)
  iteration 142 done in 45.5s
C:\Users\Brandon Shen\AppData\Local\Programs\Python\Python312\Lib\site-packages\statsmodels\regression\mixed_linear_model.py:2237: ConvergenceWarning: The MLE may be on the boundary of the parameter space.
  warnings.warn(msg, ConvergenceWarning)
  iteration 143 done in 53.2s
C:\Users\Brandon Shen\AppData\Local\Programs\Python\Python312\Lib\site-packages\statsmodels\regression\mixed_linear_model.py:2237: ConvergenceWarning: The MLE may be on the boundary of the parameter space.
  warnings.warn(msg, ConvergenceWarning)
  iteration 144 done in 50.3s
[shard 2] DONE. n_successful=145/145 wall_clock=12491.6s (208.2min)
