[shard 1] loaded 6144000 rows in 0.6s
[shard 1] precomputed cell index (204800 cells) in 5.5s; seed=76001, target=100 iterations, checkpoint=C:\Users\Brandon Shen\documents\few-qubit-qnn-snr\verification\_bootstrap_checkpoints\h2h4_boot_shard1.parquet
C:\Users\Brandon Shen\AppData\Local\Programs\Python\Python312\Lib\site-packages\statsmodels\regression\mixed_linear_model.py:2237: ConvergenceWarning: The MLE may be on the boundary of the parameter space.
  warnings.warn(msg, ConvergenceWarning)
  iteration 50 done in 87.1s
C:\Users\Brandon Shen\AppData\Local\Programs\Python\Python312\Lib\site-packages\statsmodels\regression\mixed_linear_model.py:2237: ConvergenceWarning: The MLE may be on the boundary of the parameter space.
  warnings.warn(msg, ConvergenceWarning)
  iteration 51 done in 100.8s
C:\Users\Brandon Shen\AppData\Local\Programs\Python\Python312\Lib\site-packages\statsmodels\regression\mixed_linear_model.py:2237: ConvergenceWarning: The MLE may be on the boundary of the parameter space.
  warnings.warn(msg, ConvergenceWarning)
  iteration 52 done in 92.9s
C:\Users\Brandon Shen\AppData\Local\Programs\Python\Python312\Lib\site-packages\statsmodels\regression\mixed_linear_model.py:2237: ConvergenceWarning: The MLE may be on the boundary of the parameter space.
  warnings.warn(msg, ConvergenceWarning)
  iteration 53 done in 78.9s
C:\Users\Brandon Shen\AppData\Local\Programs\Python\Python312\Lib\site-packages\statsmodels\regression\mixed_linear_model.py:2237: ConvergenceWarning: The MLE may be on the boundary of the parameter space.
  warnings.warn(msg, ConvergenceWarning)
  iteration 54 done in 89.1s
C:\Users\Brandon Shen\AppData\Local\Programs\Python\Python312\Lib\site-packages\statsmodels\regression\mixed_linear_model.py:2237: ConvergenceWarning: The MLE may be on the boundary of the parameter space.
  warnings.warn(msg, ConvergenceWarning)
  iteration 55 done in 102.0s
C:\Users\Brandon Shen\AppData\Local\Programs\Python\Python312\Lib\site-packages\statsmodels\regression\mixed_linear_model.py:2237: ConvergenceWarning: The MLE may be on the boundary of the parameter space.
  warnings.warn(msg, ConvergenceWarning)
  iteration 56 done in 95.7s
C:\Users\Brandon Shen\AppData\Local\Programs\Python\Python312\Lib\site-packages\statsmodels\regression\mixed_linear_model.py:2237: ConvergenceWarning: The MLE may be on the boundary of the parameter space.
  warnings.warn(msg, ConvergenceWarning)
  iteration 57 done in 81.8s
C:\Users\Brandon Shen\AppData\Local\Programs\Python\Python312\Lib\site-packages\statsmodels\regression\mixed_linear_model.py:2237: ConvergenceWarning: The MLE may be on the boundary of the parameter space.
  warnings.warn(msg, ConvergenceWarning)
  iteration 58 done in 102.0s
C:\Users\Brandon Shen\AppData\Local\Programs\Python\Python312\Lib\site-packages\statsmodels\regression\mixed_linear_model.py:2237: ConvergenceWarning: The MLE may be on the boundary of the parameter space.
  warnings.warn(msg, ConvergenceWarning)
  iteration 59 done in 88.4s
C:\Users\Brandon Shen\AppData\Local\Programs\Python\Python312\Lib\site-packages\statsmodels\regression\mixed_linear_model.py:2237: ConvergenceWarning: The MLE may be on the boundary of the parameter space.
  warnings.warn(msg, ConvergenceWarning)
  iteration 60 done in 91.8s
C:\Users\Brandon Shen\AppData\Local\Programs\Python\Python312\Lib\site-packages\statsmodels\regression\mixed_linear_model.py:2237: ConvergenceWarning: The MLE may be on the boundary of the parameter space.
  warnings.warn(msg, ConvergenceWarning)
  iteration 61 done in 96.6s
C:\Users\Brandon Shen\AppData\Local\Programs\Python\Python312\Lib\site-packages\statsmodels\regression\mixed_linear_model.py:2237: ConvergenceWarning: The MLE may be on the boundary of the parameter space.
  warnings.warn(msg, ConvergenceWarning)
  iteration 62 done in 87.7s
C:\Users\Brandon Shen\AppData\Local\Programs\Python\Python312\Lib\site-packages\statsmodels\regression\mixed_linear_model.py:2237: ConvergenceWarning: The MLE may be on the boundary of the parameter space.
  warnings.warn(msg, ConvergenceWarning)
  iteration 63 done in 93.5s
C:\Users\Brandon Shen\AppData\Local\Programs\Python\Python312\Lib\site-packages\statsmodels\regression\mixed_linear_model.py:2237: ConvergenceWarning: The MLE may be on the boundary of the parameter space.
  warnings.warn(msg, ConvergenceWarning)
  iteration 64 done in 90.9s
C:\Users\Brandon Shen\AppData\Local\Programs\Python\Python312\Lib\site-packages\statsmodels\regression\mixed_linear_model.py:2237: ConvergenceWarning: The MLE may be on the boundary of the parameter space.
  warnings.warn(msg, ConvergenceWarning)
  iteration 65 done in 86.6s
C:\Users\Brandon Shen\AppData\Local\Programs\Python\Python312\Lib\site-packages\statsmodels\regression\mixed_linear_model.py:2237: ConvergenceWarning: The MLE may be on the boundary of the parameter space.
  warnings.warn(msg, ConvergenceWarning)
  iteration 66 done in 94.8s
C:\Users\Brandon Shen\AppData\Local\Programs\Python\Python312\Lib\site-packages\statsmodels\regression\mixed_linear_model.py:2237: ConvergenceWarning: The MLE may be on the boundary of the parameter space.
  warnings.warn(msg, ConvergenceWarning)
  iteration 67 done in 158.3s
C:\Users\Brandon Shen\AppData\Local\Programs\Python\Python312\Lib\site-packages\statsmodels\regression\mixed_linear_model.py:2237: ConvergenceWarning: The MLE may be on the boundary of the parameter space.
  warnings.warn(msg, ConvergenceWarning)
  iteration 68 done in 193.4s
C:\Users\Brandon Shen\AppData\Local\Programs\Python\Python312\Lib\site-packages\statsmodels\regression\mixed_linear_model.py:2237: ConvergenceWarning: The MLE may be on the boundary of the parameter space.
  warnings.warn(msg, ConvergenceWarning)
  iteration 69 done in 173.3s
C:\Users\Brandon Shen\AppData\Local\Programs\Python\Python312\Lib\site-packages\statsmodels\regression\mixed_linear_model.py:2237: ConvergenceWarning: The MLE may be on the boundary of the parameter space.
  warnings.warn(msg, ConvergenceWarning)
  iteration 70 done in 93.2s
C:\Users\Brandon Shen\AppData\Local\Programs\Python\Python312\Lib\site-packages\statsmodels\regression\mixed_linear_model.py:2237: ConvergenceWarning: The MLE may be on the boundary of the parameter space.
  warnings.warn(msg, ConvergenceWarning)
C:\Users\Brandon Shen\AppData\Local\Programs\Python\Python312\Lib\site-packages\statsmodels\regression\mixed_linear_model.py:2261: ConvergenceWarning: The Hessian matrix at the estimated parameter values is not positive definite.
  warnings.warn(msg, ConvergenceWarning)
  iteration 71 done in 158.3s
C:\Users\Brandon Shen\AppData\Local\Programs\Python\Python312\Lib\site-packages\statsmodels\regression\mixed_linear_model.py:2237: ConvergenceWarning: The MLE may be on the boundary of the parameter space.
  warnings.warn(msg, ConvergenceWarning)
  iteration 72 done in 80.8s
C:\Users\Brandon Shen\AppData\Local\Programs\Python\Python312\Lib\site-packages\statsmodels\regression\mixed_linear_model.py:2237: ConvergenceWarning: The MLE may be on the boundary of the parameter space.
  warnings.warn(msg, ConvergenceWarning)
  iteration 73 done in 150.6s
C:\Users\Brandon Shen\AppData\Local\Programs\Python\Python312\Lib\site-packages\statsmodels\regression\mixed_linear_model.py:2237: ConvergenceWarning: The MLE may be on the boundary of the parameter space.
  warnings.warn(msg, ConvergenceWarning)
  iteration 74 done in 200.1s
C:\Users\Brandon Shen\AppData\Local\Programs\Python\Python312\Lib\site-packages\statsmodels\regression\mixed_linear_model.py:2237: ConvergenceWarning: The MLE may be on the boundary of the parameter space.
  warnings.warn(msg, ConvergenceWarning)
  iteration 75 done in 94.1s
C:\Users\Brandon Shen\AppData\Local\Programs\Python\Python312\Lib\site-packages\statsmodels\base\model.py:607: ConvergenceWarning: Maximum Likelihood optimization failed to converge. Check mle_retvals
  warnings.warn("Maximum Likelihood optimization failed to "
C:\Users\Brandon Shen\AppData\Local\Programs\Python\Python312\Lib\site-packages\statsmodels\regression\mixed_linear_model.py:2206: ConvergenceWarning: MixedLM optimization failed, trying a different optimizer may help.
  warnings.warn(msg, ConvergenceWarning)
C:\Users\Brandon Shen\AppData\Local\Programs\Python\Python312\Lib\site-packages\statsmodels\regression\mixed_linear_model.py:2218: ConvergenceWarning: Gradient optimization failed, |grad| = 143.727689
  warnings.warn(msg, ConvergenceWarning)
C:\Users\Brandon Shen\AppData\Local\Programs\Python\Python312\Lib\site-packages\statsmodels\regression\mixed_linear_model.py:2261: ConvergenceWarning: The Hessian matrix at the estimated parameter values is not positive definite.
  warnings.warn(msg, ConvergenceWarning)
C:\Users\Brandon Shen\AppData\Local\Programs\Python\Python312\Lib\site-packages\statsmodels\regression\mixed_linear_model.py:2237: ConvergenceWarning: The MLE may be on the boundary of the parameter space.
  warnings.warn(msg, ConvergenceWarning)
  iteration 76 done in 267.6s
C:\Users\Brandon Shen\AppData\Local\Programs\Python\Python312\Lib\site-packages\statsmodels\regression\mixed_linear_model.py:2237: ConvergenceWarning: The MLE may be on the boundary of the parameter space.
  warnings.warn(msg, ConvergenceWarning)
C:\Users\Brandon Shen\AppData\Local\Programs\Python\Python312\Lib\site-packages\statsmodels\regression\mixed_linear_model.py:2261: ConvergenceWarning: The Hessian matrix at the estimated parameter values is not positive definite.
  warnings.warn(msg, ConvergenceWarning)
  iteration 77 done in 180.4s
C:\Users\Brandon Shen\AppData\Local\Programs\Python\Python312\Lib\site-packages\statsmodels\regression\mixed_linear_model.py:2237: ConvergenceWarning: The MLE may be on the boundary of the parameter space.
  warnings.warn(msg, ConvergenceWarning)
  iteration 78 done in 77.0s
C:\Users\Brandon Shen\AppData\Local\Programs\Python\Python312\Lib\site-packages\statsmodels\regression\mixed_linear_model.py:2237: ConvergenceWarning: The MLE may be on the boundary of the parameter space.
  warnings.warn(msg, ConvergenceWarning)
  iteration 79 done in 77.5s
C:\Users\Brandon Shen\AppData\Local\Programs\Python\Python312\Lib\site-packages\statsmodels\regression\mixed_linear_model.py:2237: ConvergenceWarning: The MLE may be on the boundary of the parameter space.
  warnings.warn(msg, ConvergenceWarning)
  iteration 80 done in 69.4s
C:\Users\Brandon Shen\AppData\Local\Programs\Python\Python312\Lib\site-packages\statsmodels\regression\mixed_linear_model.py:2237: ConvergenceWarning: The MLE may be on the boundary of the parameter space.
  warnings.warn(msg, ConvergenceWarning)
  iteration 81 done in 85.1s
C:\Users\Brandon Shen\AppData\Local\Programs\Python\Python312\Lib\site-packages\statsmodels\regression\mixed_linear_model.py:2237: ConvergenceWarning: The MLE may be on the boundary of the parameter space.
  warnings.warn(msg, ConvergenceWarning)
  iteration 82 done in 135.9s
C:\Users\Brandon Shen\AppData\Local\Programs\Python\Python312\Lib\site-packages\statsmodels\regression\mixed_linear_model.py:2237: ConvergenceWarning: The MLE may be on the boundary of the parameter space.
  warnings.warn(msg, ConvergenceWarning)
  iteration 83 done in 92.2s
C:\Users\Brandon Shen\AppData\Local\Programs\Python\Python312\Lib\site-packages\statsmodels\regression\mixed_linear_model.py:2237: ConvergenceWarning: The MLE may be on the boundary of the parameter space.
  warnings.warn(msg, ConvergenceWarning)
  iteration 84 done in 77.3s
C:\Users\Brandon Shen\AppData\Local\Programs\Python\Python312\Lib\site-packages\statsmodels\regression\mixed_linear_model.py:2237: ConvergenceWarning: The MLE may be on the boundary of the parameter space.
  warnings.warn(msg, ConvergenceWarning)
  iteration 85 done in 76.7s
C:\Users\Brandon Shen\AppData\Local\Programs\Python\Python312\Lib\site-packages\statsmodels\regression\mixed_linear_model.py:2237: ConvergenceWarning: The MLE may be on the boundary of the parameter space.
  warnings.warn(msg, ConvergenceWarning)
  iteration 86 done in 71.7s
C:\Users\Brandon Shen\AppData\Local\Programs\Python\Python312\Lib\site-packages\statsmodels\regression\mixed_linear_model.py:2237: ConvergenceWarning: The MLE may be on the boundary of the parameter space.
  warnings.warn(msg, ConvergenceWarning)
  iteration 87 done in 81.6s
C:\Users\Brandon Shen\AppData\Local\Programs\Python\Python312\Lib\site-packages\statsmodels\regression\mixed_linear_model.py:2237: ConvergenceWarning: The MLE may be on the boundary of the parameter space.
  warnings.warn(msg, ConvergenceWarning)
  iteration 88 done in 81.7s
C:\Users\Brandon Shen\AppData\Local\Programs\Python\Python312\Lib\site-packages\statsmodels\regression\mixed_linear_model.py:2237: ConvergenceWarning: The MLE may be on the boundary of the parameter space.
  warnings.warn(msg, ConvergenceWarning)
  iteration 89 done in 76.9s
C:\Users\Brandon Shen\AppData\Local\Programs\Python\Python312\Lib\site-packages\statsmodels\regression\mixed_linear_model.py:2237: ConvergenceWarning: The MLE may be on the boundary of the parameter space.
  warnings.warn(msg, ConvergenceWarning)
  iteration 90 done in 75.2s
C:\Users\Brandon Shen\AppData\Local\Programs\Python\Python312\Lib\site-packages\statsmodels\regression\mixed_linear_model.py:2237: ConvergenceWarning: The MLE may be on the boundary of the parameter space.
  warnings.warn(msg, ConvergenceWarning)
  iteration 91 done in 75.1s
C:\Users\Brandon Shen\AppData\Local\Programs\Python\Python312\Lib\site-packages\statsmodels\regression\mixed_linear_model.py:2237: ConvergenceWarning: The MLE may be on the boundary of the parameter space.
  warnings.warn(msg, ConvergenceWarning)
  iteration 92 done in 73.5s
C:\Users\Brandon Shen\AppData\Local\Programs\Python\Python312\Lib\site-packages\statsmodels\regression\mixed_linear_model.py:2237: ConvergenceWarning: The MLE may be on the boundary of the parameter space.
  warnings.warn(msg, ConvergenceWarning)
C:\Users\Brandon Shen\AppData\Local\Programs\Python\Python312\Lib\site-packages\statsmodels\regression\mixed_linear_model.py:2261: ConvergenceWarning: The Hessian matrix at the estimated parameter values is not positive definite.
  warnings.warn(msg, ConvergenceWarning)
  iteration 93 done in 90.5s
C:\Users\Brandon Shen\AppData\Local\Programs\Python\Python312\Lib\site-packages\statsmodels\regression\mixed_linear_model.py:2237: ConvergenceWarning: The MLE may be on the boundary of the parameter space.
  warnings.warn(msg, ConvergenceWarning)
  iteration 94 done in 77.4s
C:\Users\Brandon Shen\AppData\Local\Programs\Python\Python312\Lib\site-packages\statsmodels\regression\mixed_linear_model.py:2237: ConvergenceWarning: The MLE may be on the boundary of the parameter space.
  warnings.warn(msg, ConvergenceWarning)
  iteration 95 done in 80.0s
C:\Users\Brandon Shen\AppData\Local\Programs\Python\Python312\Lib\site-packages\statsmodels\regression\mixed_linear_model.py:2237: ConvergenceWarning: The MLE may be on the boundary of the parameter space.
  warnings.warn(msg, ConvergenceWarning)
  iteration 96 done in 87.2s
C:\Users\Brandon Shen\AppData\Local\Programs\Python\Python312\Lib\site-packages\statsmodels\regression\mixed_linear_model.py:2237: ConvergenceWarning: The MLE may be on the boundary of the parameter space.
  warnings.warn(msg, ConvergenceWarning)
  iteration 97 done in 79.5s
C:\Users\Brandon Shen\AppData\Local\Programs\Python\Python312\Lib\site-packages\statsmodels\regression\mixed_linear_model.py:2237: ConvergenceWarning: The MLE may be on the boundary of the parameter space.
  warnings.warn(msg, ConvergenceWarning)
C:\Users\Brandon Shen\AppData\Local\Programs\Python\Python312\Lib\site-packages\statsmodels\regression\mixed_linear_model.py:2261: ConvergenceWarning: The Hessian matrix at the estimated parameter values is not positive definite.
  warnings.warn(msg, ConvergenceWarning)
  iteration 98 done in 147.5s
C:\Users\Brandon Shen\AppData\Local\Programs\Python\Python312\Lib\site-packages\statsmodels\regression\mixed_linear_model.py:2237: ConvergenceWarning: The MLE may be on the boundary of the parameter space.
  warnings.warn(msg, ConvergenceWarning)
  iteration 99 done in 84.3s
[shard 1] DONE. n_successful=100/100 wall_clock=5184.4s (86.4min)
