[shard 0] loaded 3072000 rows in 0.8s
[shard 0] precomputed cell index (102400 cells) in 3.5s; seed=366001, target=145 iterations, checkpoint=C:\Users\Brandon Shen\Documents\few-qubit-qnn-snr\verification\_bootstrap_checkpoints\h2h4_boot_endtoend_shard0.parquet
C:\Users\Brandon Shen\AppData\Local\Programs\Python\Python312\Lib\site-packages\statsmodels\regression\mixed_linear_model.py:2237: ConvergenceWarning: The MLE may be on the boundary of the parameter space.
  warnings.warn(msg, ConvergenceWarning)
  iteration 16 done in 90.4s
C:\Users\Brandon Shen\AppData\Local\Programs\Python\Python312\Lib\site-packages\statsmodels\regression\mixed_linear_model.py:2237: ConvergenceWarning: The MLE may be on the boundary of the parameter space.
  warnings.warn(msg, ConvergenceWarning)
  iteration 17 done in 85.6s
C:\Users\Brandon Shen\AppData\Local\Programs\Python\Python312\Lib\site-packages\statsmodels\regression\mixed_linear_model.py:2237: ConvergenceWarning: The MLE may be on the boundary of the parameter space.
  warnings.warn(msg, ConvergenceWarning)
  iteration 18 done in 70.0s
C:\Users\Brandon Shen\AppData\Local\Programs\Python\Python312\Lib\site-packages\statsmodels\regression\mixed_linear_model.py:2237: ConvergenceWarning: The MLE may be on the boundary of the parameter space.
  warnings.warn(msg, ConvergenceWarning)
  iteration 19 done in 68.7s
C:\Users\Brandon Shen\AppData\Local\Programs\Python\Python312\Lib\site-packages\statsmodels\regression\mixed_linear_model.py:2237: ConvergenceWarning: The MLE may be on the boundary of the parameter space.
  warnings.warn(msg, ConvergenceWarning)
  iteration 20 done in 77.4s
C:\Users\Brandon Shen\AppData\Local\Programs\Python\Python312\Lib\site-packages\statsmodels\regression\mixed_linear_model.py:2237: ConvergenceWarning: The MLE may be on the boundary of the parameter space.
  warnings.warn(msg, ConvergenceWarning)
  iteration 21 done in 71.8s
C:\Users\Brandon Shen\AppData\Local\Programs\Python\Python312\Lib\site-packages\statsmodels\regression\mixed_linear_model.py:2237: ConvergenceWarning: The MLE may be on the boundary of the parameter space.
  warnings.warn(msg, ConvergenceWarning)
  iteration 22 done in 74.7s
C:\Users\Brandon Shen\AppData\Local\Programs\Python\Python312\Lib\site-packages\statsmodels\regression\mixed_linear_model.py:2237: ConvergenceWarning: The MLE may be on the boundary of the parameter space.
  warnings.warn(msg, ConvergenceWarning)
  iteration 23 done in 75.5s
C:\Users\Brandon Shen\AppData\Local\Programs\Python\Python312\Lib\site-packages\statsmodels\regression\mixed_linear_model.py:2237: ConvergenceWarning: The MLE may be on the boundary of the parameter space.
  warnings.warn(msg, ConvergenceWarning)
  iteration 24 done in 70.6s
C:\Users\Brandon Shen\AppData\Local\Programs\Python\Python312\Lib\site-packages\statsmodels\regression\mixed_linear_model.py:2237: ConvergenceWarning: The MLE may be on the boundary of the parameter space.
  warnings.warn(msg, ConvergenceWarning)
  iteration 25 done in 75.3s
C:\Users\Brandon Shen\AppData\Local\Programs\Python\Python312\Lib\site-packages\statsmodels\regression\mixed_linear_model.py:2237: ConvergenceWarning: The MLE may be on the boundary of the parameter space.
  warnings.warn(msg, ConvergenceWarning)
  iteration 26 done in 79.0s
C:\Users\Brandon Shen\AppData\Local\Programs\Python\Python312\Lib\site-packages\statsmodels\regression\mixed_linear_model.py:2237: ConvergenceWarning: The MLE may be on the boundary of the parameter space.
  warnings.warn(msg, ConvergenceWarning)
  iteration 27 done in 78.7s
C:\Users\Brandon Shen\AppData\Local\Programs\Python\Python312\Lib\site-packages\statsmodels\regression\mixed_linear_model.py:2237: ConvergenceWarning: The MLE may be on the boundary of the parameter space.
  warnings.warn(msg, ConvergenceWarning)
  iteration 28 done in 81.0s
C:\Users\Brandon Shen\AppData\Local\Programs\Python\Python312\Lib\site-packages\statsmodels\regression\mixed_linear_model.py:2237: ConvergenceWarning: The MLE may be on the boundary of the parameter space.
  warnings.warn(msg, ConvergenceWarning)
  iteration 29 done in 74.3s
C:\Users\Brandon Shen\AppData\Local\Programs\Python\Python312\Lib\site-packages\statsmodels\regression\mixed_linear_model.py:2237: ConvergenceWarning: The MLE may be on the boundary of the parameter space.
  warnings.warn(msg, ConvergenceWarning)
  iteration 30 done in 74.1s
C:\Users\Brandon Shen\AppData\Local\Programs\Python\Python312\Lib\site-packages\statsmodels\regression\mixed_linear_model.py:2237: ConvergenceWarning: The MLE may be on the boundary of the parameter space.
  warnings.warn(msg, ConvergenceWarning)
  iteration 31 done in 72.0s
C:\Users\Brandon Shen\AppData\Local\Programs\Python\Python312\Lib\site-packages\statsmodels\regression\mixed_linear_model.py:2237: ConvergenceWarning: The MLE may be on the boundary of the parameter space.
  warnings.warn(msg, ConvergenceWarning)
  iteration 32 done in 69.8s
C:\Users\Brandon Shen\AppData\Local\Programs\Python\Python312\Lib\site-packages\statsmodels\regression\mixed_linear_model.py:2237: ConvergenceWarning: The MLE may be on the boundary of the parameter space.
  warnings.warn(msg, ConvergenceWarning)
  iteration 33 done in 81.4s
C:\Users\Brandon Shen\AppData\Local\Programs\Python\Python312\Lib\site-packages\statsmodels\regression\mixed_linear_model.py:2237: ConvergenceWarning: The MLE may be on the boundary of the parameter space.
  warnings.warn(msg, ConvergenceWarning)
  iteration 34 done in 69.7s
C:\Users\Brandon Shen\AppData\Local\Programs\Python\Python312\Lib\site-packages\statsmodels\regression\mixed_linear_model.py:2237: ConvergenceWarning: The MLE may be on the boundary of the parameter space.
  warnings.warn(msg, ConvergenceWarning)
  iteration 35 done in 88.2s
C:\Users\Brandon Shen\AppData\Local\Programs\Python\Python312\Lib\site-packages\statsmodels\regression\mixed_linear_model.py:2237: ConvergenceWarning: The MLE may be on the boundary of the parameter space.
  warnings.warn(msg, ConvergenceWarning)
  iteration 36 done in 92.5s
C:\Users\Brandon Shen\AppData\Local\Programs\Python\Python312\Lib\site-packages\statsmodels\regression\mixed_linear_model.py:2237: ConvergenceWarning: The MLE may be on the boundary of the parameter space.
  warnings.warn(msg, ConvergenceWarning)
  iteration 37 done in 92.1s
C:\Users\Brandon Shen\AppData\Local\Programs\Python\Python312\Lib\site-packages\statsmodels\regression\mixed_linear_model.py:2237: ConvergenceWarning: The MLE may be on the boundary of the parameter space.
  warnings.warn(msg, ConvergenceWarning)
  iteration 38 done in 102.4s
C:\Users\Brandon Shen\AppData\Local\Programs\Python\Python312\Lib\site-packages\statsmodels\regression\mixed_linear_model.py:2237: ConvergenceWarning: The MLE may be on the boundary of the parameter space.
  warnings.warn(msg, ConvergenceWarning)
  iteration 39 done in 95.0s
C:\Users\Brandon Shen\AppData\Local\Programs\Python\Python312\Lib\site-packages\statsmodels\regression\mixed_linear_model.py:2237: ConvergenceWarning: The MLE may be on the boundary of the parameter space.
  warnings.warn(msg, ConvergenceWarning)
  iteration 40 done in 137.8s
C:\Users\Brandon Shen\AppData\Local\Programs\Python\Python312\Lib\site-packages\statsmodels\regression\mixed_linear_model.py:2237: ConvergenceWarning: The MLE may be on the boundary of the parameter space.
  warnings.warn(msg, ConvergenceWarning)
  iteration 41 done in 96.7s
C:\Users\Brandon Shen\AppData\Local\Programs\Python\Python312\Lib\site-packages\statsmodels\regression\mixed_linear_model.py:2237: ConvergenceWarning: The MLE may be on the boundary of the parameter space.
  warnings.warn(msg, ConvergenceWarning)
  iteration 42 done in 87.9s
C:\Users\Brandon Shen\AppData\Local\Programs\Python\Python312\Lib\site-packages\statsmodels\regression\mixed_linear_model.py:2237: ConvergenceWarning: The MLE may be on the boundary of the parameter space.
  warnings.warn(msg, ConvergenceWarning)
  iteration 43 done in 81.6s
C:\Users\Brandon Shen\AppData\Local\Programs\Python\Python312\Lib\site-packages\statsmodels\regression\mixed_linear_model.py:2237: ConvergenceWarning: The MLE may be on the boundary of the parameter space.
  warnings.warn(msg, ConvergenceWarning)
  iteration 44 done in 86.8s
C:\Users\Brandon Shen\AppData\Local\Programs\Python\Python312\Lib\site-packages\statsmodels\regression\mixed_linear_model.py:2237: ConvergenceWarning: The MLE may be on the boundary of the parameter space.
  warnings.warn(msg, ConvergenceWarning)
C:\Users\Brandon Shen\AppData\Local\Programs\Python\Python312\Lib\site-packages\statsmodels\regression\mixed_linear_model.py:2261: ConvergenceWarning: The Hessian matrix at the estimated parameter values is not positive definite.
  warnings.warn(msg, ConvergenceWarning)
  iteration 45 done in 184.4s
C:\Users\Brandon Shen\AppData\Local\Programs\Python\Python312\Lib\site-packages\statsmodels\regression\mixed_linear_model.py:2237: ConvergenceWarning: The MLE may be on the boundary of the parameter space.
  warnings.warn(msg, ConvergenceWarning)
  iteration 46 done in 79.9s
C:\Users\Brandon Shen\AppData\Local\Programs\Python\Python312\Lib\site-packages\statsmodels\regression\mixed_linear_model.py:2237: ConvergenceWarning: The MLE may be on the boundary of the parameter space.
  warnings.warn(msg, ConvergenceWarning)
  iteration 47 done in 84.8s
C:\Users\Brandon Shen\AppData\Local\Programs\Python\Python312\Lib\site-packages\statsmodels\regression\mixed_linear_model.py:2237: ConvergenceWarning: The MLE may be on the boundary of the parameter space.
  warnings.warn(msg, ConvergenceWarning)
C:\Users\Brandon Shen\AppData\Local\Programs\Python\Python312\Lib\site-packages\statsmodels\regression\mixed_linear_model.py:2261: ConvergenceWarning: The Hessian matrix at the estimated parameter values is not positive definite.
  warnings.warn(msg, ConvergenceWarning)
  iteration 48 done in 145.7s
C:\Users\Brandon Shen\AppData\Local\Programs\Python\Python312\Lib\site-packages\statsmodels\regression\mixed_linear_model.py:2237: ConvergenceWarning: The MLE may be on the boundary of the parameter space.
  warnings.warn(msg, ConvergenceWarning)
  iteration 49 done in 98.7s
C:\Users\Brandon Shen\AppData\Local\Programs\Python\Python312\Lib\site-packages\statsmodels\regression\mixed_linear_model.py:2237: ConvergenceWarning: The MLE may be on the boundary of the parameter space.
  warnings.warn(msg, ConvergenceWarning)
  iteration 50 done in 111.7s
C:\Users\Brandon Shen\AppData\Local\Programs\Python\Python312\Lib\site-packages\statsmodels\regression\mixed_linear_model.py:2237: ConvergenceWarning: The MLE may be on the boundary of the parameter space.
  warnings.warn(msg, ConvergenceWarning)
  iteration 51 done in 92.9s
C:\Users\Brandon Shen\AppData\Local\Programs\Python\Python312\Lib\site-packages\statsmodels\regression\mixed_linear_model.py:2237: ConvergenceWarning: The MLE may be on the boundary of the parameter space.
  warnings.warn(msg, ConvergenceWarning)
  iteration 52 done in 90.8s
C:\Users\Brandon Shen\AppData\Local\Programs\Python\Python312\Lib\site-packages\statsmodels\regression\mixed_linear_model.py:2237: ConvergenceWarning: The MLE may be on the boundary of the parameter space.
  warnings.warn(msg, ConvergenceWarning)
  iteration 53 done in 94.0s
C:\Users\Brandon Shen\AppData\Local\Programs\Python\Python312\Lib\site-packages\statsmodels\regression\mixed_linear_model.py:2237: ConvergenceWarning: The MLE may be on the boundary of the parameter space.
  warnings.warn(msg, ConvergenceWarning)
  iteration 54 done in 76.8s
C:\Users\Brandon Shen\AppData\Local\Programs\Python\Python312\Lib\site-packages\statsmodels\regression\mixed_linear_model.py:2237: ConvergenceWarning: The MLE may be on the boundary of the parameter space.
  warnings.warn(msg, ConvergenceWarning)
  iteration 55 done in 80.8s
C:\Users\Brandon Shen\AppData\Local\Programs\Python\Python312\Lib\site-packages\statsmodels\regression\mixed_linear_model.py:2237: ConvergenceWarning: The MLE may be on the boundary of the parameter space.
  warnings.warn(msg, ConvergenceWarning)
  iteration 56 done in 79.4s
C:\Users\Brandon Shen\AppData\Local\Programs\Python\Python312\Lib\site-packages\statsmodels\regression\mixed_linear_model.py:2237: ConvergenceWarning: The MLE may be on the boundary of the parameter space.
  warnings.warn(msg, ConvergenceWarning)
  iteration 57 done in 95.1s
C:\Users\Brandon Shen\AppData\Local\Programs\Python\Python312\Lib\site-packages\statsmodels\regression\mixed_linear_model.py:2237: ConvergenceWarning: The MLE may be on the boundary of the parameter space.
  warnings.warn(msg, ConvergenceWarning)
  iteration 58 done in 83.6s
C:\Users\Brandon Shen\AppData\Local\Programs\Python\Python312\Lib\site-packages\statsmodels\regression\mixed_linear_model.py:2237: ConvergenceWarning: The MLE may be on the boundary of the parameter space.
  warnings.warn(msg, ConvergenceWarning)
  iteration 59 done in 106.5s
C:\Users\Brandon Shen\AppData\Local\Programs\Python\Python312\Lib\site-packages\statsmodels\regression\mixed_linear_model.py:2237: ConvergenceWarning: The MLE may be on the boundary of the parameter space.
  warnings.warn(msg, ConvergenceWarning)
  iteration 60 done in 100.3s
C:\Users\Brandon Shen\AppData\Local\Programs\Python\Python312\Lib\site-packages\statsmodels\regression\mixed_linear_model.py:2237: ConvergenceWarning: The MLE may be on the boundary of the parameter space.
  warnings.warn(msg, ConvergenceWarning)
  iteration 61 done in 73.1s
C:\Users\Brandon Shen\AppData\Local\Programs\Python\Python312\Lib\site-packages\statsmodels\regression\mixed_linear_model.py:2237: ConvergenceWarning: The MLE may be on the boundary of the parameter space.
  warnings.warn(msg, ConvergenceWarning)
  iteration 62 done in 67.9s
C:\Users\Brandon Shen\AppData\Local\Programs\Python\Python312\Lib\site-packages\statsmodels\regression\mixed_linear_model.py:2237: ConvergenceWarning: The MLE may be on the boundary of the parameter space.
  warnings.warn(msg, ConvergenceWarning)
  iteration 63 done in 77.9s
C:\Users\Brandon Shen\AppData\Local\Programs\Python\Python312\Lib\site-packages\statsmodels\regression\mixed_linear_model.py:2237: ConvergenceWarning: The MLE may be on the boundary of the parameter space.
  warnings.warn(msg, ConvergenceWarning)
  iteration 64 done in 51.1s
C:\Users\Brandon Shen\AppData\Local\Programs\Python\Python312\Lib\site-packages\statsmodels\regression\mixed_linear_model.py:2237: ConvergenceWarning: The MLE may be on the boundary of the parameter space.
  warnings.warn(msg, ConvergenceWarning)
  iteration 65 done in 85.7s
C:\Users\Brandon Shen\AppData\Local\Programs\Python\Python312\Lib\site-packages\statsmodels\regression\mixed_linear_model.py:2237: ConvergenceWarning: The MLE may be on the boundary of the parameter space.
  warnings.warn(msg, ConvergenceWarning)
  iteration 66 done in 95.8s
C:\Users\Brandon Shen\AppData\Local\Programs\Python\Python312\Lib\site-packages\statsmodels\regression\mixed_linear_model.py:2237: ConvergenceWarning: The MLE may be on the boundary of the parameter space.
  warnings.warn(msg, ConvergenceWarning)
  iteration 67 done in 69.2s
C:\Users\Brandon Shen\AppData\Local\Programs\Python\Python312\Lib\site-packages\statsmodels\regression\mixed_linear_model.py:2237: ConvergenceWarning: The MLE may be on the boundary of the parameter space.
  warnings.warn(msg, ConvergenceWarning)
  iteration 68 done in 92.8s
C:\Users\Brandon Shen\AppData\Local\Programs\Python\Python312\Lib\site-packages\statsmodels\regression\mixed_linear_model.py:2237: ConvergenceWarning: The MLE may be on the boundary of the parameter space.
  warnings.warn(msg, ConvergenceWarning)
  iteration 69 done in 101.8s
C:\Users\Brandon Shen\AppData\Local\Programs\Python\Python312\Lib\site-packages\statsmodels\regression\mixed_linear_model.py:2237: ConvergenceWarning: The MLE may be on the boundary of the parameter space.
  warnings.warn(msg, ConvergenceWarning)
  iteration 70 done in 114.5s
C:\Users\Brandon Shen\AppData\Local\Programs\Python\Python312\Lib\site-packages\statsmodels\regression\mixed_linear_model.py:2237: ConvergenceWarning: The MLE may be on the boundary of the parameter space.
  warnings.warn(msg, ConvergenceWarning)
  iteration 71 done in 110.7s
C:\Users\Brandon Shen\AppData\Local\Programs\Python\Python312\Lib\site-packages\statsmodels\regression\mixed_linear_model.py:2237: ConvergenceWarning: The MLE may be on the boundary of the parameter space.
  warnings.warn(msg, ConvergenceWarning)
  iteration 72 done in 100.0s
C:\Users\Brandon Shen\AppData\Local\Programs\Python\Python312\Lib\site-packages\statsmodels\regression\mixed_linear_model.py:2237: ConvergenceWarning: The MLE may be on the boundary of the parameter space.
  warnings.warn(msg, ConvergenceWarning)
  iteration 73 done in 116.6s
C:\Users\Brandon Shen\AppData\Local\Programs\Python\Python312\Lib\site-packages\statsmodels\regression\mixed_linear_model.py:2237: ConvergenceWarning: The MLE may be on the boundary of the parameter space.
  warnings.warn(msg, ConvergenceWarning)
  iteration 74 done in 100.6s
C:\Users\Brandon Shen\AppData\Local\Programs\Python\Python312\Lib\site-packages\statsmodels\regression\mixed_linear_model.py:2237: ConvergenceWarning: The MLE may be on the boundary of the parameter space.
  warnings.warn(msg, ConvergenceWarning)
  iteration 75 done in 112.0s
C:\Users\Brandon Shen\AppData\Local\Programs\Python\Python312\Lib\site-packages\statsmodels\regression\mixed_linear_model.py:2237: ConvergenceWarning: The MLE may be on the boundary of the parameter space.
  warnings.warn(msg, ConvergenceWarning)
  iteration 76 done in 71.7s
C:\Users\Brandon Shen\AppData\Local\Programs\Python\Python312\Lib\site-packages\statsmodels\regression\mixed_linear_model.py:2237: ConvergenceWarning: The MLE may be on the boundary of the parameter space.
  warnings.warn(msg, ConvergenceWarning)
  iteration 77 done in 59.6s
C:\Users\Brandon Shen\AppData\Local\Programs\Python\Python312\Lib\site-packages\statsmodels\regression\mixed_linear_model.py:2237: ConvergenceWarning: The MLE may be on the boundary of the parameter space.
  warnings.warn(msg, ConvergenceWarning)
  iteration 78 done in 56.6s
C:\Users\Brandon Shen\AppData\Local\Programs\Python\Python312\Lib\site-packages\statsmodels\regression\mixed_linear_model.py:2237: ConvergenceWarning: The MLE may be on the boundary of the parameter space.
  warnings.warn(msg, ConvergenceWarning)
  iteration 79 done in 72.2s
C:\Users\Brandon Shen\AppData\Local\Programs\Python\Python312\Lib\site-packages\statsmodels\regression\mixed_linear_model.py:2237: ConvergenceWarning: The MLE may be on the boundary of the parameter space.
  warnings.warn(msg, ConvergenceWarning)
  iteration 80 done in 78.5s
C:\Users\Brandon Shen\AppData\Local\Programs\Python\Python312\Lib\site-packages\statsmodels\regression\mixed_linear_model.py:2237: ConvergenceWarning: The MLE may be on the boundary of the parameter space.
  warnings.warn(msg, ConvergenceWarning)
  iteration 81 done in 74.7s
C:\Users\Brandon Shen\AppData\Local\Programs\Python\Python312\Lib\site-packages\statsmodels\regression\mixed_linear_model.py:2237: ConvergenceWarning: The MLE may be on the boundary of the parameter space.
  warnings.warn(msg, ConvergenceWarning)
  iteration 82 done in 82.6s
C:\Users\Brandon Shen\AppData\Local\Programs\Python\Python312\Lib\site-packages\statsmodels\regression\mixed_linear_model.py:2237: ConvergenceWarning: The MLE may be on the boundary of the parameter space.
  warnings.warn(msg, ConvergenceWarning)
  iteration 83 done in 63.1s
C:\Users\Brandon Shen\AppData\Local\Programs\Python\Python312\Lib\site-packages\statsmodels\base\model.py:607: ConvergenceWarning: Maximum Likelihood optimization failed to converge. Check mle_retvals
  warnings.warn("Maximum Likelihood optimization failed to "
C:\Users\Brandon Shen\AppData\Local\Programs\Python\Python312\Lib\site-packages\statsmodels\regression\mixed_linear_model.py:2206: ConvergenceWarning: MixedLM optimization failed, trying a different optimizer may help.
  warnings.warn(msg, ConvergenceWarning)
C:\Users\Brandon Shen\AppData\Local\Programs\Python\Python312\Lib\site-packages\statsmodels\regression\mixed_linear_model.py:2218: ConvergenceWarning: Gradient optimization failed, |grad| = 173.969465
  warnings.warn(msg, ConvergenceWarning)
C:\Users\Brandon Shen\AppData\Local\Programs\Python\Python312\Lib\site-packages\statsmodels\regression\mixed_linear_model.py:2237: ConvergenceWarning: The MLE may be on the boundary of the parameter space.
  warnings.warn(msg, ConvergenceWarning)
C:\Users\Brandon Shen\AppData\Local\Programs\Python\Python312\Lib\site-packages\statsmodels\regression\mixed_linear_model.py:2261: ConvergenceWarning: The Hessian matrix at the estimated parameter values is not positive definite.
  warnings.warn(msg, ConvergenceWarning)
C:\Users\Brandon Shen\AppData\Local\Programs\Python\Python312\Lib\site-packages\statsmodels\base\model.py:607: ConvergenceWarning: Maximum Likelihood optimization failed to converge. Check mle_retvals
  warnings.warn("Maximum Likelihood optimization failed to "
C:\Users\Brandon Shen\AppData\Local\Programs\Python\Python312\Lib\site-packages\statsmodels\regression\mixed_linear_model.py:2206: ConvergenceWarning: MixedLM optimization failed, trying a different optimizer may help.
  warnings.warn(msg, ConvergenceWarning)
C:\Users\Brandon Shen\AppData\Local\Programs\Python\Python312\Lib\site-packages\statsmodels\regression\mixed_linear_model.py:2218: ConvergenceWarning: Gradient optimization failed, |grad| = 94.668455
  warnings.warn(msg, ConvergenceWarning)
C:\Users\Brandon Shen\AppData\Local\Programs\Python\Python312\Lib\site-packages\statsmodels\regression\mixed_linear_model.py:2261: ConvergenceWarning: The Hessian matrix at the estimated parameter values is not positive definite.
  warnings.warn(msg, ConvergenceWarning)
C:\Users\Brandon Shen\AppData\Local\Programs\Python\Python312\Lib\site-packages\statsmodels\regression\mixed_linear_model.py:2237: ConvergenceWarning: The MLE may be on the boundary of the parameter space.
  warnings.warn(msg, ConvergenceWarning)
  iteration 84 done in 312.6s
C:\Users\Brandon Shen\AppData\Local\Programs\Python\Python312\Lib\site-packages\statsmodels\regression\mixed_linear_model.py:2237: ConvergenceWarning: The MLE may be on the boundary of the parameter space.
  warnings.warn(msg, ConvergenceWarning)
  iteration 85 done in 79.8s
C:\Users\Brandon Shen\AppData\Local\Programs\Python\Python312\Lib\site-packages\statsmodels\regression\mixed_linear_model.py:2237: ConvergenceWarning: The MLE may be on the boundary of the parameter space.
  warnings.warn(msg, ConvergenceWarning)
  iteration 86 done in 69.4s
C:\Users\Brandon Shen\AppData\Local\Programs\Python\Python312\Lib\site-packages\statsmodels\regression\mixed_linear_model.py:2237: ConvergenceWarning: The MLE may be on the boundary of the parameter space.
  warnings.warn(msg, ConvergenceWarning)
  iteration 87 done in 80.6s
C:\Users\Brandon Shen\AppData\Local\Programs\Python\Python312\Lib\site-packages\statsmodels\regression\mixed_linear_model.py:2237: ConvergenceWarning: The MLE may be on the boundary of the parameter space.
  warnings.warn(msg, ConvergenceWarning)
  iteration 88 done in 73.8s
C:\Users\Brandon Shen\AppData\Local\Programs\Python\Python312\Lib\site-packages\statsmodels\regression\mixed_linear_model.py:2237: ConvergenceWarning: The MLE may be on the boundary of the parameter space.
  warnings.warn(msg, ConvergenceWarning)
  iteration 89 done in 80.8s
C:\Users\Brandon Shen\AppData\Local\Programs\Python\Python312\Lib\site-packages\statsmodels\regression\mixed_linear_model.py:2237: ConvergenceWarning: The MLE may be on the boundary of the parameter space.
  warnings.warn(msg, ConvergenceWarning)
  iteration 90 done in 76.5s
C:\Users\Brandon Shen\AppData\Local\Programs\Python\Python312\Lib\site-packages\statsmodels\regression\mixed_linear_model.py:2237: ConvergenceWarning: The MLE may be on the boundary of the parameter space.
  warnings.warn(msg, ConvergenceWarning)
C:\Users\Brandon Shen\AppData\Local\Programs\Python\Python312\Lib\site-packages\statsmodels\regression\mixed_linear_model.py:2261: ConvergenceWarning: The Hessian matrix at the estimated parameter values is not positive definite.
  warnings.warn(msg, ConvergenceWarning)
  iteration 91 done in 99.2s
C:\Users\Brandon Shen\AppData\Local\Programs\Python\Python312\Lib\site-packages\statsmodels\regression\mixed_linear_model.py:2237: ConvergenceWarning: The MLE may be on the boundary of the parameter space.
  warnings.warn(msg, ConvergenceWarning)
C:\Users\Brandon Shen\AppData\Local\Programs\Python\Python312\Lib\site-packages\statsmodels\regression\mixed_linear_model.py:2261: ConvergenceWarning: The Hessian matrix at the estimated parameter values is not positive definite.
  warnings.warn(msg, ConvergenceWarning)
  iteration 92 done in 172.4s
C:\Users\Brandon Shen\AppData\Local\Programs\Python\Python312\Lib\site-packages\statsmodels\regression\mixed_linear_model.py:2237: ConvergenceWarning: The MLE may be on the boundary of the parameter space.
  warnings.warn(msg, ConvergenceWarning)
  iteration 93 done in 131.9s
C:\Users\Brandon Shen\AppData\Local\Programs\Python\Python312\Lib\site-packages\statsmodels\regression\mixed_linear_model.py:2237: ConvergenceWarning: The MLE may be on the boundary of the parameter space.
  warnings.warn(msg, ConvergenceWarning)
  iteration 94 done in 170.0s
C:\Users\Brandon Shen\AppData\Local\Programs\Python\Python312\Lib\site-packages\statsmodels\regression\mixed_linear_model.py:2237: ConvergenceWarning: The MLE may be on the boundary of the parameter space.
  warnings.warn(msg, ConvergenceWarning)
  iteration 95 done in 72.3s
C:\Users\Brandon Shen\AppData\Local\Programs\Python\Python312\Lib\site-packages\statsmodels\regression\mixed_linear_model.py:2237: ConvergenceWarning: The MLE may be on the boundary of the parameter space.
  warnings.warn(msg, ConvergenceWarning)
  iteration 96 done in 70.0s
C:\Users\Brandon Shen\AppData\Local\Programs\Python\Python312\Lib\site-packages\statsmodels\regression\mixed_linear_model.py:2237: ConvergenceWarning: The MLE may be on the boundary of the parameter space.
  warnings.warn(msg, ConvergenceWarning)
  iteration 97 done in 105.6s
C:\Users\Brandon Shen\AppData\Local\Programs\Python\Python312\Lib\site-packages\statsmodels\regression\mixed_linear_model.py:2237: ConvergenceWarning: The MLE may be on the boundary of the parameter space.
  warnings.warn(msg, ConvergenceWarning)
  iteration 98 done in 180.6s
C:\Users\Brandon Shen\AppData\Local\Programs\Python\Python312\Lib\site-packages\statsmodels\regression\mixed_linear_model.py:2237: ConvergenceWarning: The MLE may be on the boundary of the parameter space.
  warnings.warn(msg, ConvergenceWarning)
  iteration 99 done in 79.6s
C:\Users\Brandon Shen\AppData\Local\Programs\Python\Python312\Lib\site-packages\statsmodels\regression\mixed_linear_model.py:2237: ConvergenceWarning: The MLE may be on the boundary of the parameter space.
  warnings.warn(msg, ConvergenceWarning)
C:\Users\Brandon Shen\AppData\Local\Programs\Python\Python312\Lib\site-packages\statsmodels\regression\mixed_linear_model.py:2261: ConvergenceWarning: The Hessian matrix at the estimated parameter values is not positive definite.
  warnings.warn(msg, ConvergenceWarning)
  iteration 100 done in 144.6s
C:\Users\Brandon Shen\AppData\Local\Programs\Python\Python312\Lib\site-packages\statsmodels\regression\mixed_linear_model.py:2237: ConvergenceWarning: The MLE may be on the boundary of the parameter space.
  warnings.warn(msg, ConvergenceWarning)
  iteration 101 done in 90.1s
C:\Users\Brandon Shen\AppData\Local\Programs\Python\Python312\Lib\site-packages\statsmodels\regression\mixed_linear_model.py:2237: ConvergenceWarning: The MLE may be on the boundary of the parameter space.
  warnings.warn(msg, ConvergenceWarning)
  iteration 102 done in 93.6s
C:\Users\Brandon Shen\AppData\Local\Programs\Python\Python312\Lib\site-packages\statsmodels\regression\mixed_linear_model.py:2237: ConvergenceWarning: The MLE may be on the boundary of the parameter space.
  warnings.warn(msg, ConvergenceWarning)
  iteration 103 done in 86.9s
C:\Users\Brandon Shen\AppData\Local\Programs\Python\Python312\Lib\site-packages\statsmodels\regression\mixed_linear_model.py:2237: ConvergenceWarning: The MLE may be on the boundary of the parameter space.
  warnings.warn(msg, ConvergenceWarning)
C:\Users\Brandon Shen\AppData\Local\Programs\Python\Python312\Lib\site-packages\statsmodels\regression\mixed_linear_model.py:2261: ConvergenceWarning: The Hessian matrix at the estimated parameter values is not positive definite.
  warnings.warn(msg, ConvergenceWarning)
  iteration 104 done in 107.6s
C:\Users\Brandon Shen\AppData\Local\Programs\Python\Python312\Lib\site-packages\statsmodels\regression\mixed_linear_model.py:2237: ConvergenceWarning: The MLE may be on the boundary of the parameter space.
  warnings.warn(msg, ConvergenceWarning)
  iteration 105 done in 91.8s
C:\Users\Brandon Shen\AppData\Local\Programs\Python\Python312\Lib\site-packages\statsmodels\regression\mixed_linear_model.py:2237: ConvergenceWarning: The MLE may be on the boundary of the parameter space.
  warnings.warn(msg, ConvergenceWarning)
  iteration 106 done in 94.8s
C:\Users\Brandon Shen\AppData\Local\Programs\Python\Python312\Lib\site-packages\statsmodels\regression\mixed_linear_model.py:2237: ConvergenceWarning: The MLE may be on the boundary of the parameter space.
  warnings.warn(msg, ConvergenceWarning)
  iteration 107 done in 87.8s
C:\Users\Brandon Shen\AppData\Local\Programs\Python\Python312\Lib\site-packages\statsmodels\regression\mixed_linear_model.py:2237: ConvergenceWarning: The MLE may be on the boundary of the parameter space.
  warnings.warn(msg, ConvergenceWarning)
  iteration 108 done in 223.2s
C:\Users\Brandon Shen\AppData\Local\Programs\Python\Python312\Lib\site-packages\statsmodels\regression\mixed_linear_model.py:2237: ConvergenceWarning: The MLE may be on the boundary of the parameter space.
  warnings.warn(msg, ConvergenceWarning)
  iteration 109 done in 74.2s
C:\Users\Brandon Shen\AppData\Local\Programs\Python\Python312\Lib\site-packages\statsmodels\regression\mixed_linear_model.py:2237: ConvergenceWarning: The MLE may be on the boundary of the parameter space.
  warnings.warn(msg, ConvergenceWarning)
  iteration 110 done in 52.9s
C:\Users\Brandon Shen\AppData\Local\Programs\Python\Python312\Lib\site-packages\statsmodels\regression\mixed_linear_model.py:2237: ConvergenceWarning: The MLE may be on the boundary of the parameter space.
  warnings.warn(msg, ConvergenceWarning)
  iteration 111 done in 53.5s
C:\Users\Brandon Shen\AppData\Local\Programs\Python\Python312\Lib\site-packages\statsmodels\regression\mixed_linear_model.py:2237: ConvergenceWarning: The MLE may be on the boundary of the parameter space.
  warnings.warn(msg, ConvergenceWarning)
C:\Users\Brandon Shen\AppData\Local\Programs\Python\Python312\Lib\site-packages\statsmodels\regression\mixed_linear_model.py:2261: ConvergenceWarning: The Hessian matrix at the estimated parameter values is not positive definite.
  warnings.warn(msg, ConvergenceWarning)
  iteration 112 done in 155.2s
C:\Users\Brandon Shen\AppData\Local\Programs\Python\Python312\Lib\site-packages\statsmodels\regression\mixed_linear_model.py:2261: ConvergenceWarning: The Hessian matrix at the estimated parameter values is not positive definite.
  warnings.warn(msg, ConvergenceWarning)
  iteration 113 done in 119.0s
C:\Users\Brandon Shen\AppData\Local\Programs\Python\Python312\Lib\site-packages\statsmodels\regression\mixed_linear_model.py:2237: ConvergenceWarning: The MLE may be on the boundary of the parameter space.
  warnings.warn(msg, ConvergenceWarning)
  iteration 114 done in 112.8s
C:\Users\Brandon Shen\AppData\Local\Programs\Python\Python312\Lib\site-packages\statsmodels\regression\mixed_linear_model.py:2237: ConvergenceWarning: The MLE may be on the boundary of the parameter space.
  warnings.warn(msg, ConvergenceWarning)
  iteration 115 done in 84.3s
C:\Users\Brandon Shen\AppData\Local\Programs\Python\Python312\Lib\site-packages\statsmodels\regression\mixed_linear_model.py:2237: ConvergenceWarning: The MLE may be on the boundary of the parameter space.
  warnings.warn(msg, ConvergenceWarning)
  iteration 116 done in 95.2s
C:\Users\Brandon Shen\AppData\Local\Programs\Python\Python312\Lib\site-packages\statsmodels\regression\mixed_linear_model.py:2237: ConvergenceWarning: The MLE may be on the boundary of the parameter space.
  warnings.warn(msg, ConvergenceWarning)
  iteration 117 done in 95.3s
C:\Users\Brandon Shen\AppData\Local\Programs\Python\Python312\Lib\site-packages\statsmodels\regression\mixed_linear_model.py:2237: ConvergenceWarning: The MLE may be on the boundary of the parameter space.
  warnings.warn(msg, ConvergenceWarning)
  iteration 118 done in 94.5s
C:\Users\Brandon Shen\AppData\Local\Programs\Python\Python312\Lib\site-packages\statsmodels\regression\mixed_linear_model.py:2237: ConvergenceWarning: The MLE may be on the boundary of the parameter space.
  warnings.warn(msg, ConvergenceWarning)
  iteration 119 done in 88.6s
C:\Users\Brandon Shen\AppData\Local\Programs\Python\Python312\Lib\site-packages\statsmodels\regression\mixed_linear_model.py:2237: ConvergenceWarning: The MLE may be on the boundary of the parameter space.
  warnings.warn(msg, ConvergenceWarning)
  iteration 120 done in 99.4s
C:\Users\Brandon Shen\AppData\Local\Programs\Python\Python312\Lib\site-packages\statsmodels\regression\mixed_linear_model.py:2237: ConvergenceWarning: The MLE may be on the boundary of the parameter space.
  warnings.warn(msg, ConvergenceWarning)
  iteration 121 done in 116.4s
C:\Users\Brandon Shen\AppData\Local\Programs\Python\Python312\Lib\site-packages\statsmodels\regression\mixed_linear_model.py:2237: ConvergenceWarning: The MLE may be on the boundary of the parameter space.
  warnings.warn(msg, ConvergenceWarning)
  iteration 122 done in 79.2s
C:\Users\Brandon Shen\AppData\Local\Programs\Python\Python312\Lib\site-packages\statsmodels\regression\mixed_linear_model.py:2237: ConvergenceWarning: The MLE may be on the boundary of the parameter space.
  warnings.warn(msg, ConvergenceWarning)
  iteration 123 done in 86.7s
C:\Users\Brandon Shen\AppData\Local\Programs\Python\Python312\Lib\site-packages\statsmodels\regression\mixed_linear_model.py:2237: ConvergenceWarning: The MLE may be on the boundary of the parameter space.
  warnings.warn(msg, ConvergenceWarning)
  iteration 124 done in 65.6s
C:\Users\Brandon Shen\AppData\Local\Programs\Python\Python312\Lib\site-packages\statsmodels\regression\mixed_linear_model.py:2237: ConvergenceWarning: The MLE may be on the boundary of the parameter space.
  warnings.warn(msg, ConvergenceWarning)
  iteration 125 done in 52.4s
C:\Users\Brandon Shen\AppData\Local\Programs\Python\Python312\Lib\site-packages\statsmodels\regression\mixed_linear_model.py:2237: ConvergenceWarning: The MLE may be on the boundary of the parameter space.
  warnings.warn(msg, ConvergenceWarning)
  iteration 126 done in 51.4s
C:\Users\Brandon Shen\AppData\Local\Programs\Python\Python312\Lib\site-packages\statsmodels\regression\mixed_linear_model.py:2237: ConvergenceWarning: The MLE may be on the boundary of the parameter space.
  warnings.warn(msg, ConvergenceWarning)
  iteration 127 done in 47.8s
C:\Users\Brandon Shen\AppData\Local\Programs\Python\Python312\Lib\site-packages\statsmodels\base\model.py:607: ConvergenceWarning: Maximum Likelihood optimization failed to converge. Check mle_retvals
  warnings.warn("Maximum Likelihood optimization failed to "
C:\Users\Brandon Shen\AppData\Local\Programs\Python\Python312\Lib\site-packages\statsmodels\regression\mixed_linear_model.py:2206: ConvergenceWarning: MixedLM optimization failed, trying a different optimizer may help.
  warnings.warn(msg, ConvergenceWarning)
C:\Users\Brandon Shen\AppData\Local\Programs\Python\Python312\Lib\site-packages\statsmodels\regression\mixed_linear_model.py:2218: ConvergenceWarning: Gradient optimization failed, |grad| = 157.814186
  warnings.warn(msg, ConvergenceWarning)
C:\Users\Brandon Shen\AppData\Local\Programs\Python\Python312\Lib\site-packages\statsmodels\regression\mixed_linear_model.py:2237: ConvergenceWarning: The MLE may be on the boundary of the parameter space.
  warnings.warn(msg, ConvergenceWarning)
C:\Users\Brandon Shen\AppData\Local\Programs\Python\Python312\Lib\site-packages\statsmodels\regression\mixed_linear_model.py:2261: ConvergenceWarning: The Hessian matrix at the estimated parameter values is not positive definite.
  warnings.warn(msg, ConvergenceWarning)
C:\Users\Brandon Shen\AppData\Local\Programs\Python\Python312\Lib\site-packages\statsmodels\regression\mixed_linear_model.py:2237: ConvergenceWarning: The MLE may be on the boundary of the parameter space.
  warnings.warn(msg, ConvergenceWarning)
  iteration 128 done in 160.2s
C:\Users\Brandon Shen\AppData\Local\Programs\Python\Python312\Lib\site-packages\statsmodels\regression\mixed_linear_model.py:2237: ConvergenceWarning: The MLE may be on the boundary of the parameter space.
  warnings.warn(msg, ConvergenceWarning)
  iteration 129 done in 51.0s
C:\Users\Brandon Shen\AppData\Local\Programs\Python\Python312\Lib\site-packages\statsmodels\regression\mixed_linear_model.py:2237: ConvergenceWarning: The MLE may be on the boundary of the parameter space.
  warnings.warn(msg, ConvergenceWarning)
  iteration 130 done in 44.9s
C:\Users\Brandon Shen\AppData\Local\Programs\Python\Python312\Lib\site-packages\statsmodels\regression\mixed_linear_model.py:2237: ConvergenceWarning: The MLE may be on the boundary of the parameter space.
  warnings.warn(msg, ConvergenceWarning)
  iteration 131 done in 49.0s
C:\Users\Brandon Shen\AppData\Local\Programs\Python\Python312\Lib\site-packages\statsmodels\regression\mixed_linear_model.py:2237: ConvergenceWarning: The MLE may be on the boundary of the parameter space.
  warnings.warn(msg, ConvergenceWarning)
  iteration 132 done in 55.5s
C:\Users\Brandon Shen\AppData\Local\Programs\Python\Python312\Lib\site-packages\statsmodels\regression\mixed_linear_model.py:2237: ConvergenceWarning: The MLE may be on the boundary of the parameter space.
  warnings.warn(msg, ConvergenceWarning)
  iteration 133 done in 52.8s
C:\Users\Brandon Shen\AppData\Local\Programs\Python\Python312\Lib\site-packages\statsmodels\regression\mixed_linear_model.py:2237: ConvergenceWarning: The MLE may be on the boundary of the parameter space.
  warnings.warn(msg, ConvergenceWarning)
  iteration 134 done in 51.4s
C:\Users\Brandon Shen\AppData\Local\Programs\Python\Python312\Lib\site-packages\statsmodels\regression\mixed_linear_model.py:2237: ConvergenceWarning: The MLE may be on the boundary of the parameter space.
  warnings.warn(msg, ConvergenceWarning)
  iteration 135 done in 55.3s
C:\Users\Brandon Shen\AppData\Local\Programs\Python\Python312\Lib\site-packages\statsmodels\regression\mixed_linear_model.py:2237: ConvergenceWarning: The MLE may be on the boundary of the parameter space.
  warnings.warn(msg, ConvergenceWarning)
  iteration 136 done in 50.9s
C:\Users\Brandon Shen\AppData\Local\Programs\Python\Python312\Lib\site-packages\statsmodels\regression\mixed_linear_model.py:2237: ConvergenceWarning: The MLE may be on the boundary of the parameter space.
  warnings.warn(msg, ConvergenceWarning)
  iteration 137 done in 80.8s
C:\Users\Brandon Shen\AppData\Local\Programs\Python\Python312\Lib\site-packages\statsmodels\regression\mixed_linear_model.py:2237: ConvergenceWarning: The MLE may be on the boundary of the parameter space.
  warnings.warn(msg, ConvergenceWarning)
  iteration 138 done in 86.5s
C:\Users\Brandon Shen\AppData\Local\Programs\Python\Python312\Lib\site-packages\statsmodels\regression\mixed_linear_model.py:2237: ConvergenceWarning: The MLE may be on the boundary of the parameter space.
  warnings.warn(msg, ConvergenceWarning)
  iteration 139 done in 98.1s
C:\Users\Brandon Shen\AppData\Local\Programs\Python\Python312\Lib\site-packages\statsmodels\regression\mixed_linear_model.py:2237: ConvergenceWarning: The MLE may be on the boundary of the parameter space.
  warnings.warn(msg, ConvergenceWarning)
  iteration 140 done in 62.2s
C:\Users\Brandon Shen\AppData\Local\Programs\Python\Python312\Lib\site-packages\statsmodels\regression\mixed_linear_model.py:2237: ConvergenceWarning: The MLE may be on the boundary of the parameter space.
  warnings.warn(msg, ConvergenceWarning)
  iteration 141 done in 53.0s
C:\Users\Brandon Shen\AppData\Local\Programs\Python\Python312\Lib\site-packages\statsmodels\regression\mixed_linear_model.py:2237: ConvergenceWarning: The MLE may be on the boundary of the parameter space.
  warnings.warn(msg, ConvergenceWarning)
  iteration 142 done in 50.4s
C:\Users\Brandon Shen\AppData\Local\Programs\Python\Python312\Lib\site-packages\statsmodels\regression\mixed_linear_model.py:2237: ConvergenceWarning: The MLE may be on the boundary of the parameter space.
  warnings.warn(msg, ConvergenceWarning)
  iteration 143 done in 55.5s
C:\Users\Brandon Shen\AppData\Local\Programs\Python\Python312\Lib\site-packages\statsmodels\regression\mixed_linear_model.py:2237: ConvergenceWarning: The MLE may be on the boundary of the parameter space.
  warnings.warn(msg, ConvergenceWarning)
  iteration 144 done in 47.2s
[shard 0] DONE. n_successful=145/145 wall_clock=11541.3s (192.4min)
